Report time       : lun 26 abr 2021 16:16:45 CEST.
Solution          : solution1.
Simulation tool   : xsim.

+----------+----------+-----------------------------------------------+-----------------------------------------------+
|          |          |                    Latency                    |                    Interval                   |
+   RTL    +  Status  +-----------------------------------------------+-----------------------------------------------+
|          |          |      min      |      avg      |      max      |      min      |      avg      |      max      |
+----------+----------+-----------------------------------------------+-----------------------------------------------+
|      VHDL|      Fail|             NA|             NA|             NA|             NA|             NA|             NA|
|   Verilog|        NA|            106|            106|            106|             NA|             NA|             NA|
+----------+----------+-----------------------------------------------+-----------------------------------------------+
