

================================================================
== Vivado HLS Report for 'read_data'
================================================================
* Date:           Wed May 26 17:59:39 2021

* Version:        2017.1 (Build 1846317 on Fri Apr 14 19:19:38 MDT 2017)
* Project:        dct.prj
* Solution:       solution4
* Product family: zynq
* Target device:  xc7z020clg484-1


================================================================
== Performance Estimates
================================================================
+ Timing (ns): 
    * Summary: 
    +--------+-------+----------+------------+
    |  Clock | Target| Estimated| Uncertainty|
    +--------+-------+----------+------------+
    |ap_clk  |   8.00|      5.96|        1.00|
    +--------+-------+----------+------------+

+ Latency (clock cycles): 
    * Summary: 
    +-----+-----+-----+-----+---------+
    |  Latency  |  Interval | Pipeline|
    | min | max | min | max |   Type  |
    +-----+-----+-----+-----+---------+
    |   67|   67|   67|   67|   none  |
    +-----+-----+-----+-----+---------+

    + Detail: 
        * Instance: 
        N/A

        * Loop: 
        +---------------------------+-----+-----+----------+-----------+-----------+------+----------+
        |                           |  Latency  | Iteration|  Initiation Interval  | Trip |          |
        |         Loop Name         | min | max |  Latency |  achieved |   target  | Count| Pipelined|
        +---------------------------+-----+-----+----------+-----------+-----------+------+----------+
        |- RD_Loop_Row_RD_Loop_Col  |   65|   65|         3|          1|          1|    64|    yes   |
        +---------------------------+-----+-----+----------+-----------+-----------+------+----------+

============================================================
+ Verbose Summary: Synthesis Manager
============================================================
InlineROM: 1
ExposeGlobal: 0
============================================================
+ Verbose Summary: CDFG Model
============================================================
IsTopModel: 0
ResetActiveHigh: 1
IsCombinational: 0
IsDatapathOnly: 0
HasWiredReturn: 1
HasMFsm: 0
HasVarLatency: 1
IsPipeline: 0
IsRtlPipelined: 0
IsInstanceOverlapped: 0
IsDontTouch: 0
HasImplIP: 0
IsGatedGlobalClock: 0

+ Individual pipeline summary: 
  * Pipeline-0: initiation interval (II) = 1, depth = 3


============================================================
+ Verbose Summary: Schedule
============================================================
* Number of FSM states: 5
* Pipeline: 1
  Pipeline-0: II = 1, D = 3, States = { 2 3 4 }
* Dataflow Pipeline: 0

* FSM state transitions: 
1 --> 
	2  / true
2 --> 
	5  / (exitcond_flatten)
	3  / (!exitcond_flatten)
3 --> 
	4  / true
4 --> 
	2  / true
5 --> 
* FSM state operations: 

 <State 1>: 1.77ns
ST_1: StgValue_6 (10)  [1/1] 1.77ns  loc: dct.c:59
:0  br label %1


 <State 2>: 5.17ns
ST_2: indvar_flatten (12)  [1/1] 0.00ns
:0  %indvar_flatten = phi i7 [ 0, %0 ], [ %indvar_flatten_next, %ifBlock ]

ST_2: r (13)  [1/1] 0.00ns  loc: dct.c:62
:1  %r = phi i4 [ 0, %0 ], [ %tmp_mid2_v_v, %ifBlock ]

ST_2: c (14)  [1/1] 0.00ns
:2  %c = phi i4 [ 0, %0 ], [ %c_1, %ifBlock ]

ST_2: exitcond_flatten (15)  [1/1] 2.91ns
:3  %exitcond_flatten = icmp eq i7 %indvar_flatten, -64

ST_2: indvar_flatten_next (16)  [1/1] 2.75ns
:4  %indvar_flatten_next = add i7 %indvar_flatten, 1

ST_2: StgValue_12 (17)  [1/1] 0.00ns
:5  br i1 %exitcond_flatten, label %2, label %.reset

ST_2: r_1 (19)  [1/1] 2.62ns  loc: dct.c:59
.reset:0  %r_1 = add i4 1, %r

ST_2: exitcond (22)  [1/1] 3.10ns  loc: dct.c:61
.reset:3  %exitcond = icmp eq i4 %c, -8

ST_2: c_mid2 (23)  [1/1] 2.07ns  loc: dct.c:61
.reset:4  %c_mid2 = select i1 %exitcond, i4 0, i4 %c

ST_2: tmp_mid2_v_v (24)  [1/1] 2.07ns  loc: dct.c:62
.reset:5  %tmp_mid2_v_v = select i1 %exitcond, i4 %r_1, i4 %r

ST_2: tmp (25)  [1/1] 0.00ns  loc: dct.c:62
.reset:6  %tmp = trunc i4 %tmp_mid2_v_v to i3

ST_2: tmp_2 (36)  [1/1] 0.00ns  loc: dct.c:61
.reset:17  %tmp_2 = trunc i4 %c_mid2 to i3

ST_2: StgValue_19 (41)  [1/1] 0.00ns  loc: dct.c:62
branch6:2  br label %ifBlock

ST_2: StgValue_20 (45)  [1/1] 0.00ns  loc: dct.c:62
branch5:2  br label %ifBlock

ST_2: StgValue_21 (49)  [1/1] 0.00ns  loc: dct.c:62
branch4:2  br label %ifBlock

ST_2: StgValue_22 (53)  [1/1] 0.00ns  loc: dct.c:62
branch3:2  br label %ifBlock

ST_2: StgValue_23 (57)  [1/1] 0.00ns  loc: dct.c:62
branch2:2  br label %ifBlock

ST_2: StgValue_24 (61)  [1/1] 0.00ns  loc: dct.c:62
branch1:2  br label %ifBlock

ST_2: StgValue_25 (65)  [1/1] 0.00ns  loc: dct.c:62
branch0:2  br label %ifBlock

ST_2: StgValue_26 (69)  [1/1] 0.00ns  loc: dct.c:62
branch7:2  br label %ifBlock


 <State 3>: 5.96ns
ST_3: tmp_mid2 (26)  [1/1] 0.00ns  loc: dct.c:62
.reset:7  %tmp_mid2 = call i6 @_ssdm_op_BitConcatenate.i6.i3.i3(i3 %tmp, i3 0)

ST_3: c_cast2 (28)  [1/1] 0.00ns  loc: dct.c:61
.reset:9  %c_cast2 = zext i4 %c_mid2 to i6

ST_3: tmp_9 (32)  [1/1] 2.71ns  loc: dct.c:62
.reset:13  %tmp_9 = add i6 %c_cast2, %tmp_mid2

ST_3: tmp_s (33)  [1/1] 0.00ns  loc: dct.c:62
.reset:14  %tmp_s = zext i6 %tmp_9 to i64

ST_3: input_addr (34)  [1/1] 0.00ns  loc: dct.c:62
.reset:15  %input_addr = getelementptr [64 x i16]* %input_r, i64 0, i64 %tmp_s

ST_3: input_load (35)  [2/2] 3.25ns  loc: dct.c:62
.reset:16  %input_load = load i16* %input_addr, align 2

ST_3: StgValue_33 (37)  [1/1] 3.31ns  loc: dct.c:62
.reset:18  switch i3 %tmp_2, label %branch7 [
    i3 0, label %branch0
    i3 1, label %branch1
    i3 2, label %branch2
    i3 3, label %branch3
    i3 -4, label %branch4
    i3 -3, label %branch5
    i3 -2, label %branch6
  ]

ST_3: c_1 (72)  [1/1] 2.62ns  loc: dct.c:61
ifBlock:1  %c_1 = add i4 %c_mid2, 1


 <State 4>: 5.58ns
ST_4: StgValue_35 (20)  [1/1] 0.00ns
.reset:1  call void (...)* @_ssdm_op_SpecLoopName([24 x i8]* @RD_Loop_Row_RD_Loop_s)

ST_4: empty_5 (21)  [1/1] 0.00ns
.reset:2  %empty_5 = call i32 (...)* @_ssdm_op_SpecLoopTripCount(i64 64, i64 64, i64 64)

ST_4: tmp_7_mid2 (27)  [1/1] 0.00ns  loc: dct.c:62
.reset:8  %tmp_7_mid2 = zext i4 %tmp_mid2_v_v to i64

ST_4: StgValue_38 (29)  [1/1] 0.00ns  loc: dct.c:62
.reset:10  call void (...)* @_ssdm_op_SpecLoopName([12 x i8]* @p_str11) nounwind

ST_4: tmp_1 (30)  [1/1] 0.00ns  loc: dct.c:62
.reset:11  %tmp_1 = call i32 (...)* @_ssdm_op_SpecRegionBegin([12 x i8]* @p_str11)

ST_4: StgValue_40 (31)  [1/1] 0.00ns  loc: dct.c:63
.reset:12  call void (...)* @_ssdm_op_SpecPipeline(i32 -1, i32 1, i32 1, i32 0, [1 x i8]* @p_str1) nounwind

ST_4: input_load (35)  [1/2] 3.25ns  loc: dct.c:62
.reset:16  %input_load = load i16* %input_addr, align 2

ST_4: buf_6_addr (39)  [1/1] 0.00ns  loc: dct.c:62
branch6:0  %buf_6_addr = getelementptr [8 x i16]* %buf_6, i64 0, i64 %tmp_7_mid2

ST_4: StgValue_43 (40)  [1/1] 2.32ns  loc: dct.c:62
branch6:1  store i16 %input_load, i16* %buf_6_addr, align 2

ST_4: buf_5_addr (43)  [1/1] 0.00ns  loc: dct.c:62
branch5:0  %buf_5_addr = getelementptr [8 x i16]* %buf_5, i64 0, i64 %tmp_7_mid2

ST_4: StgValue_45 (44)  [1/1] 2.32ns  loc: dct.c:62
branch5:1  store i16 %input_load, i16* %buf_5_addr, align 2

ST_4: buf_4_addr (47)  [1/1] 0.00ns  loc: dct.c:62
branch4:0  %buf_4_addr = getelementptr [8 x i16]* %buf_4, i64 0, i64 %tmp_7_mid2

ST_4: StgValue_47 (48)  [1/1] 2.32ns  loc: dct.c:62
branch4:1  store i16 %input_load, i16* %buf_4_addr, align 2

ST_4: buf_3_addr (51)  [1/1] 0.00ns  loc: dct.c:62
branch3:0  %buf_3_addr = getelementptr [8 x i16]* %buf_3, i64 0, i64 %tmp_7_mid2

ST_4: StgValue_49 (52)  [1/1] 2.32ns  loc: dct.c:62
branch3:1  store i16 %input_load, i16* %buf_3_addr, align 2

ST_4: buf_2_addr (55)  [1/1] 0.00ns  loc: dct.c:62
branch2:0  %buf_2_addr = getelementptr [8 x i16]* %buf_2, i64 0, i64 %tmp_7_mid2

ST_4: StgValue_51 (56)  [1/1] 2.32ns  loc: dct.c:62
branch2:1  store i16 %input_load, i16* %buf_2_addr, align 2

ST_4: buf_1_addr (59)  [1/1] 0.00ns  loc: dct.c:62
branch1:0  %buf_1_addr = getelementptr [8 x i16]* %buf_1, i64 0, i64 %tmp_7_mid2

ST_4: StgValue_53 (60)  [1/1] 2.32ns  loc: dct.c:62
branch1:1  store i16 %input_load, i16* %buf_1_addr, align 2

ST_4: buf_0_addr (63)  [1/1] 0.00ns  loc: dct.c:62
branch0:0  %buf_0_addr = getelementptr [8 x i16]* %buf_0, i64 0, i64 %tmp_7_mid2

ST_4: StgValue_55 (64)  [1/1] 2.32ns  loc: dct.c:62
branch0:1  store i16 %input_load, i16* %buf_0_addr, align 2

ST_4: buf_7_addr (67)  [1/1] 0.00ns  loc: dct.c:62
branch7:0  %buf_7_addr = getelementptr [8 x i16]* %buf_7, i64 0, i64 %tmp_7_mid2

ST_4: StgValue_57 (68)  [1/1] 2.32ns  loc: dct.c:62
branch7:1  store i16 %input_load, i16* %buf_7_addr, align 2

ST_4: empty (71)  [1/1] 0.00ns  loc: dct.c:62
ifBlock:0  %empty = call i32 (...)* @_ssdm_op_SpecRegionEnd([12 x i8]* @p_str11, i32 %tmp_1)

ST_4: StgValue_59 (73)  [1/1] 0.00ns
ifBlock:2  br label %1


 <State 5>: 0.00ns
ST_5: StgValue_60 (75)  [1/1] 0.00ns  loc: dct.c:64
:0  ret void



============================================================
+ Verbose Summary: Timing violations
============================================================
Target clock period: 8ns, clock uncertainty: 1ns.

 <State 1>: 1.77ns
The critical path consists of the following:
	multiplexor before 'phi' operation ('indvar_flatten') with incoming values : ('indvar_flatten_next') [12]  (1.77 ns)

 <State 2>: 5.17ns
The critical path consists of the following:
	'phi' operation ('c') with incoming values : ('c', dct.c:61) [14]  (0 ns)
	'icmp' operation ('exitcond', dct.c:61) [22]  (3.1 ns)
	'select' operation ('c_mid2', dct.c:61) [23]  (2.07 ns)

 <State 3>: 5.96ns
The critical path consists of the following:
	'add' operation ('tmp_9', dct.c:62) [32]  (2.71 ns)
	'getelementptr' operation ('input_addr', dct.c:62) [34]  (0 ns)
	'load' operation ('input_load', dct.c:62) on array 'input_r' [35]  (3.25 ns)

 <State 4>: 5.58ns
The critical path consists of the following:
	'load' operation ('input_load', dct.c:62) on array 'input_r' [35]  (3.25 ns)
	'store' operation (dct.c:62) of variable 'input_load', dct.c:62 on array 'buf_6' [40]  (2.32 ns)

 <State 5>: 0ns
The critical path consists of the following:


============================================================
+ Verbose Summary: Binding
============================================================
N/A
* FSMD analyzer results:
  - Output states:
 - Input state : 
  - Chain level:
	State 1
	State 2
	State 3
	State 4
	State 5


============================================================
+ Verbose Summary: Datapath Resource usage 
============================================================
N/A
