

================================================================
== Vivado HLS Report for 'dct_1d2'
================================================================
* Date:           Wed May 26 17:45:09 2021

* Version:        2017.1 (Build 1846317 on Fri Apr 14 19:19:38 MDT 2017)
* Project:        dct.prj
* Solution:       solution3
* Product family: zynq
* Target device:  xc7z020clg484-1


================================================================
== Performance Estimates
================================================================
+ Timing (ns): 
    * Summary: 
    +--------+-------+----------+------------+
    |  Clock | Target| Estimated| Uncertainty|
    +--------+-------+----------+------------+
    |ap_clk  |   8.00|      9.73|        1.00|
    +--------+-------+----------+------------+

+ Latency (clock cycles): 
    * Summary: 
    +-----+-----+-----+-----+---------+
    |  Latency  |  Interval | Pipeline|
    | min | max | min | max |   Type  |
    +-----+-----+-----+-----+---------+
    |   37|   37|   37|   37|   none  |
    +-----+-----+-----+-----+---------+

    + Detail: 
        * Instance: 
        N/A

        * Loop: 
        +------------------+-----+-----+----------+-----------+-----------+------+----------+
        |                  |  Latency  | Iteration|  Initiation Interval  | Trip |          |
        |     Loop Name    | min | max |  Latency |  achieved |   target  | Count| Pipelined|
        +------------------+-----+-----+----------+-----------+-----------+------+----------+
        |- DCT_Outer_Loop  |   35|   35|         8|          4|          1|     8|    yes   |
        +------------------+-----+-----+----------+-----------+-----------+------+----------+

============================================================
+ Verbose Summary: Synthesis Manager
============================================================
InlineROM: 1
ExposeGlobal: 0
============================================================
+ Verbose Summary: CDFG Model
============================================================
IsTopModel: 0
ResetActiveHigh: 1
IsCombinational: 0
IsDatapathOnly: 0
HasWiredReturn: 1
HasMFsm: 0
HasVarLatency: 1
IsPipeline: 0
IsRtlPipelined: 0
IsInstanceOverlapped: 0
IsDontTouch: 0
HasImplIP: 0
IsGatedGlobalClock: 0

+ Individual pipeline summary: 
  * Pipeline-0: initiation interval (II) = 4, depth = 8


============================================================
+ Verbose Summary: Schedule
============================================================
* Number of FSM states: 10
* Pipeline: 1
  Pipeline-0: II = 4, D = 8, States = { 2 3 4 5 6 7 8 9 }
* Dataflow Pipeline: 0

* FSM state transitions: 
1 --> 
	2  / true
2 --> 
	10  / (tmp)
	3  / (!tmp)
3 --> 
	4  / true
4 --> 
	5  / true
5 --> 
	6  / true
6 --> 
	7  / true
7 --> 
	8  / true
8 --> 
	9  / true
9 --> 
	2  / true
10 --> 
* FSM state operations: 

 <State 1>: 1.77ns
ST_1: tmp_61_read (13)  [1/1] 0.00ns
:0  %tmp_61_read = call i4 @_ssdm_op_Read.ap_auto.i4(i4 %tmp_61)

ST_1: tmp_6_read (14)  [1/1] 0.00ns
:1  %tmp_6_read = call i4 @_ssdm_op_Read.ap_auto.i4(i4 %tmp_6)

ST_1: tmp_15 (15)  [1/1] 0.00ns
:2  %tmp_15 = call i7 @_ssdm_op_BitConcatenate.i7.i4.i3(i4 %tmp_61_read, i3 0)

ST_1: tmp_21_cast (16)  [1/1] 0.00ns
:3  %tmp_21_cast = zext i7 %tmp_15 to i8

ST_1: tmp_16 (17)  [1/1] 0.00ns
:4  %tmp_16 = call i7 @_ssdm_op_BitConcatenate.i7.i4.i3(i4 %tmp_6_read, i3 0)

ST_1: tmp_17 (18)  [1/1] 0.00ns  loc: dct.c:17
:5  %tmp_17 = zext i7 %tmp_16 to i64

ST_1: src_addr (19)  [1/1] 0.00ns  loc: dct.c:17
:6  %src_addr = getelementptr [64 x i16]* %src, i64 0, i64 %tmp_17

ST_1: tmp_18 (20)  [1/1] 0.00ns
:7  %tmp_18 = or i7 %tmp_16, 1

ST_1: tmp_19 (21)  [1/1] 0.00ns  loc: dct.c:17
:8  %tmp_19 = call i64 @_ssdm_op_BitConcatenate.i64.i57.i7(i57 0, i7 %tmp_18)

ST_1: src_addr_1 (22)  [1/1] 0.00ns  loc: dct.c:17
:9  %src_addr_1 = getelementptr [64 x i16]* %src, i64 0, i64 %tmp_19

ST_1: tmp_20 (23)  [1/1] 0.00ns
:10  %tmp_20 = or i7 %tmp_16, 2

ST_1: tmp_21 (24)  [1/1] 0.00ns  loc: dct.c:17
:11  %tmp_21 = call i64 @_ssdm_op_BitConcatenate.i64.i57.i7(i57 0, i7 %tmp_20)

ST_1: src_addr_2 (25)  [1/1] 0.00ns  loc: dct.c:17
:12  %src_addr_2 = getelementptr [64 x i16]* %src, i64 0, i64 %tmp_21

ST_1: tmp_22 (26)  [1/1] 0.00ns
:13  %tmp_22 = or i7 %tmp_16, 3

ST_1: tmp_23 (27)  [1/1] 0.00ns  loc: dct.c:17
:14  %tmp_23 = call i64 @_ssdm_op_BitConcatenate.i64.i57.i7(i57 0, i7 %tmp_22)

ST_1: src_addr_3 (28)  [1/1] 0.00ns  loc: dct.c:17
:15  %src_addr_3 = getelementptr [64 x i16]* %src, i64 0, i64 %tmp_23

ST_1: tmp_24 (29)  [1/1] 0.00ns
:16  %tmp_24 = or i7 %tmp_16, 4

ST_1: tmp_25 (30)  [1/1] 0.00ns  loc: dct.c:17
:17  %tmp_25 = call i64 @_ssdm_op_BitConcatenate.i64.i57.i7(i57 0, i7 %tmp_24)

ST_1: src_addr_4 (31)  [1/1] 0.00ns  loc: dct.c:17
:18  %src_addr_4 = getelementptr [64 x i16]* %src, i64 0, i64 %tmp_25

ST_1: tmp_26 (32)  [1/1] 0.00ns
:19  %tmp_26 = or i7 %tmp_16, 5

ST_1: tmp_27 (33)  [1/1] 0.00ns  loc: dct.c:17
:20  %tmp_27 = call i64 @_ssdm_op_BitConcatenate.i64.i57.i7(i57 0, i7 %tmp_26)

ST_1: src_addr_5 (34)  [1/1] 0.00ns  loc: dct.c:17
:21  %src_addr_5 = getelementptr [64 x i16]* %src, i64 0, i64 %tmp_27

ST_1: tmp_28 (35)  [1/1] 0.00ns
:22  %tmp_28 = or i7 %tmp_16, 6

ST_1: tmp_29 (36)  [1/1] 0.00ns  loc: dct.c:17
:23  %tmp_29 = call i64 @_ssdm_op_BitConcatenate.i64.i57.i7(i57 0, i7 %tmp_28)

ST_1: src_addr_6 (37)  [1/1] 0.00ns  loc: dct.c:17
:24  %src_addr_6 = getelementptr [64 x i16]* %src, i64 0, i64 %tmp_29

ST_1: tmp_30 (38)  [1/1] 0.00ns
:25  %tmp_30 = or i7 %tmp_16, 7

ST_1: tmp_31 (39)  [1/1] 0.00ns  loc: dct.c:17
:26  %tmp_31 = call i64 @_ssdm_op_BitConcatenate.i64.i57.i7(i57 0, i7 %tmp_30)

ST_1: src_addr_7 (40)  [1/1] 0.00ns  loc: dct.c:17
:27  %src_addr_7 = getelementptr [64 x i16]* %src, i64 0, i64 %tmp_31

ST_1: StgValue_39 (41)  [1/1] 1.77ns  loc: dct.c:13
:28  br label %1


 <State 2>: 3.25ns
ST_2: k (43)  [1/1] 0.00ns
:0  %k = phi i4 [ 0, %0 ], [ %k_1, %2 ]

ST_2: tmp (44)  [1/1] 3.10ns  loc: dct.c:13
:1  %tmp = icmp eq i4 %k, -8

ST_2: k_1 (45)  [1/1] 2.62ns  loc: dct.c:13
:2  %k_1 = add i4 %k, 1

ST_2: StgValue_43 (46)  [1/1] 0.00ns  loc: dct.c:13
:3  br i1 %tmp, label %3, label %2

ST_2: tmp_s (52)  [1/1] 0.00ns  loc: dct.c:16
:4  %tmp_s = zext i4 %k to i64

ST_2: tmp_cast (53)  [1/1] 0.00ns  loc: dct.c:19
:5  %tmp_cast = zext i4 %k to i8

ST_2: tmp_32 (54)  [1/1] 2.75ns  loc: dct.c:19
:6  %tmp_32 = add i8 %tmp_21_cast, %tmp_cast

ST_2: dct_coeff_table_1_ad (63)  [1/1] 0.00ns  loc: dct.c:16
:15  %dct_coeff_table_1_ad = getelementptr [8 x i15]* @dct_coeff_table_1, i64 0, i64 %tmp_s

ST_2: dct_coeff_table_1_lo (64)  [2/2] 3.25ns  loc: dct.c:16
:16  %dct_coeff_table_1_lo = load i15* %dct_coeff_table_1_ad, align 2

ST_2: src_load_1 (66)  [2/2] 3.25ns  loc: dct.c:17
:18  %src_load_1 = load i16* %src_addr_1, align 2

ST_2: dct_coeff_table_3_ad (75)  [1/1] 0.00ns  loc: dct.c:16
:27  %dct_coeff_table_3_ad = getelementptr [8 x i15]* @dct_coeff_table_3, i64 0, i64 %tmp_s

ST_2: dct_coeff_table_3_lo (76)  [2/2] 3.25ns  loc: dct.c:16
:28  %dct_coeff_table_3_lo = load i15* %dct_coeff_table_3_ad, align 2

ST_2: src_load_3 (78)  [2/2] 3.25ns  loc: dct.c:17
:30  %src_load_3 = load i16* %src_addr_3, align 2


 <State 3>: 3.25ns
ST_3: dct_coeff_table_0_ad (57)  [1/1] 0.00ns  loc: dct.c:16
:9  %dct_coeff_table_0_ad = getelementptr [8 x i14]* @dct_coeff_table_0, i64 0, i64 %tmp_s

ST_3: dct_coeff_table_0_lo (58)  [2/2] 3.25ns  loc: dct.c:16
:10  %dct_coeff_table_0_lo = load i14* %dct_coeff_table_0_ad, align 2

ST_3: src_load (60)  [2/2] 3.25ns  loc: dct.c:17
:12  %src_load = load i16* %src_addr, align 2

ST_3: dct_coeff_table_1_lo (64)  [1/2] 3.25ns  loc: dct.c:16
:16  %dct_coeff_table_1_lo = load i15* %dct_coeff_table_1_ad, align 2

ST_3: src_load_1 (66)  [1/2] 3.25ns  loc: dct.c:17
:18  %src_load_1 = load i16* %src_addr_1, align 2

ST_3: dct_coeff_table_2_ad (69)  [1/1] 0.00ns  loc: dct.c:16
:21  %dct_coeff_table_2_ad = getelementptr [8 x i15]* @dct_coeff_table_2, i64 0, i64 %tmp_s

ST_3: dct_coeff_table_2_lo (70)  [2/2] 3.25ns  loc: dct.c:16
:22  %dct_coeff_table_2_lo = load i15* %dct_coeff_table_2_ad, align 2

ST_3: dct_coeff_table_3_lo (76)  [1/2] 3.25ns  loc: dct.c:16
:28  %dct_coeff_table_3_lo = load i15* %dct_coeff_table_3_ad, align 2

ST_3: src_load_3 (78)  [1/2] 3.25ns  loc: dct.c:17
:30  %src_load_3 = load i16* %src_addr_3, align 2

ST_3: dct_coeff_table_4_ad (81)  [1/1] 0.00ns  loc: dct.c:16
:33  %dct_coeff_table_4_ad = getelementptr [8 x i15]* @dct_coeff_table_4, i64 0, i64 %tmp_s

ST_3: dct_coeff_table_4_lo (82)  [2/2] 3.25ns  loc: dct.c:16
:34  %dct_coeff_table_4_lo = load i15* %dct_coeff_table_4_ad, align 2

ST_3: dct_coeff_table_5_ad (87)  [1/1] 0.00ns  loc: dct.c:16
:39  %dct_coeff_table_5_ad = getelementptr [8 x i15]* @dct_coeff_table_5, i64 0, i64 %tmp_s

ST_3: dct_coeff_table_5_lo (88)  [2/2] 3.25ns  loc: dct.c:16
:40  %dct_coeff_table_5_lo = load i15* %dct_coeff_table_5_ad, align 2

ST_3: src_load_5 (90)  [2/2] 3.25ns  loc: dct.c:17
:42  %src_load_5 = load i16* %src_addr_5, align 2

ST_3: dct_coeff_table_6_ad (93)  [1/1] 0.00ns  loc: dct.c:16
:45  %dct_coeff_table_6_ad = getelementptr [8 x i15]* @dct_coeff_table_6, i64 0, i64 %tmp_s

ST_3: dct_coeff_table_6_lo (94)  [2/2] 3.25ns  loc: dct.c:16
:46  %dct_coeff_table_6_lo = load i15* %dct_coeff_table_6_ad, align 2

ST_3: dct_coeff_table_7_ad (99)  [1/1] 0.00ns  loc: dct.c:16
:51  %dct_coeff_table_7_ad = getelementptr [8 x i15]* @dct_coeff_table_7, i64 0, i64 %tmp_s

ST_3: dct_coeff_table_7_lo (100)  [2/2] 3.25ns  loc: dct.c:16
:52  %dct_coeff_table_7_lo = load i15* %dct_coeff_table_7_ad, align 2


 <State 4>: 6.38ns
ST_4: dct_coeff_table_0_lo (58)  [1/2] 3.25ns  loc: dct.c:16
:10  %dct_coeff_table_0_lo = load i14* %dct_coeff_table_0_ad, align 2

ST_4: src_load (60)  [1/2] 3.25ns  loc: dct.c:17
:12  %src_load = load i16* %src_addr, align 2

ST_4: coeff_1_cast (65)  [1/1] 0.00ns  loc: dct.c:17
:17  %coeff_1_cast = sext i15 %dct_coeff_table_1_lo to i29

ST_4: tmp_17_1_cast (67)  [1/1] 0.00ns  loc: dct.c:17
:19  %tmp_17_1_cast = sext i16 %src_load_1 to i29

ST_4: tmp_18_1 (68)  [1/1] 6.38ns  loc: dct.c:17
:20  %tmp_18_1 = mul i29 %tmp_17_1_cast, %coeff_1_cast

ST_4: dct_coeff_table_2_lo (70)  [1/2] 3.25ns  loc: dct.c:16
:22  %dct_coeff_table_2_lo = load i15* %dct_coeff_table_2_ad, align 2

ST_4: src_load_2 (72)  [2/2] 3.25ns  loc: dct.c:17
:24  %src_load_2 = load i16* %src_addr_2, align 2

ST_4: coeff_3_cast (77)  [1/1] 0.00ns  loc: dct.c:17
:29  %coeff_3_cast = sext i15 %dct_coeff_table_3_lo to i29

ST_4: tmp_17_3_cast (79)  [1/1] 0.00ns  loc: dct.c:17
:31  %tmp_17_3_cast = sext i16 %src_load_3 to i29

ST_4: tmp_18_3 (80)  [1/1] 6.38ns  loc: dct.c:17
:32  %tmp_18_3 = mul i29 %tmp_17_3_cast, %coeff_3_cast

ST_4: dct_coeff_table_4_lo (82)  [1/2] 3.25ns  loc: dct.c:16
:34  %dct_coeff_table_4_lo = load i15* %dct_coeff_table_4_ad, align 2

ST_4: src_load_4 (84)  [2/2] 3.25ns  loc: dct.c:17
:36  %src_load_4 = load i16* %src_addr_4, align 2

ST_4: dct_coeff_table_5_lo (88)  [1/2] 3.25ns  loc: dct.c:16
:40  %dct_coeff_table_5_lo = load i15* %dct_coeff_table_5_ad, align 2

ST_4: src_load_5 (90)  [1/2] 3.25ns  loc: dct.c:17
:42  %src_load_5 = load i16* %src_addr_5, align 2

ST_4: dct_coeff_table_6_lo (94)  [1/2] 3.25ns  loc: dct.c:16
:46  %dct_coeff_table_6_lo = load i15* %dct_coeff_table_6_ad, align 2

ST_4: dct_coeff_table_7_lo (100)  [1/2] 3.25ns  loc: dct.c:16
:52  %dct_coeff_table_7_lo = load i15* %dct_coeff_table_7_ad, align 2


 <State 5>: 6.38ns
ST_5: coeff_cast (59)  [1/1] 0.00ns  loc: dct.c:17
:11  %coeff_cast = zext i14 %dct_coeff_table_0_lo to i29

ST_5: tmp_16_cast (61)  [1/1] 0.00ns  loc: dct.c:17
:13  %tmp_16_cast = sext i16 %src_load to i29

ST_5: tmp_14 (62)  [1/1] 3.36ns  loc: dct.c:17
:14  %tmp_14 = mul i29 %tmp_16_cast, %coeff_cast

ST_5: src_load_2 (72)  [1/2] 3.25ns  loc: dct.c:17
:24  %src_load_2 = load i16* %src_addr_2, align 2

ST_5: src_load_4 (84)  [1/2] 3.25ns  loc: dct.c:17
:36  %src_load_4 = load i16* %src_addr_4, align 2

ST_5: coeff_5_cast (89)  [1/1] 0.00ns  loc: dct.c:17
:41  %coeff_5_cast = sext i15 %dct_coeff_table_5_lo to i29

ST_5: tmp_17_5_cast (91)  [1/1] 0.00ns  loc: dct.c:17
:43  %tmp_17_5_cast = sext i16 %src_load_5 to i29

ST_5: tmp_18_5 (92)  [1/1] 6.38ns  loc: dct.c:17
:44  %tmp_18_5 = mul i29 %tmp_17_5_cast, %coeff_5_cast

ST_5: src_load_6 (96)  [2/2] 3.25ns  loc: dct.c:17
:48  %src_load_6 = load i16* %src_addr_6, align 2

ST_5: src_load_7 (102)  [2/2] 3.25ns  loc: dct.c:17
:54  %src_load_7 = load i16* %src_addr_7, align 2

ST_5: tmp2 (105)  [1/1] 3.02ns  loc: dct.c:19
:57  %tmp2 = add i29 %tmp_18_1, %tmp_14


 <State 6>: 9.73ns
ST_6: coeff_2_cast (71)  [1/1] 0.00ns  loc: dct.c:17
:23  %coeff_2_cast = sext i15 %dct_coeff_table_2_lo to i29

ST_6: tmp_17_2_cast (73)  [1/1] 0.00ns  loc: dct.c:17
:25  %tmp_17_2_cast = sext i16 %src_load_2 to i29

ST_6: tmp_18_2 (74)  [1/1] 3.36ns  loc: dct.c:17
:26  %tmp_18_2 = mul i29 %tmp_17_2_cast, %coeff_2_cast

ST_6: coeff_4_cast (83)  [1/1] 0.00ns  loc: dct.c:17
:35  %coeff_4_cast = sext i15 %dct_coeff_table_4_lo to i29

ST_6: tmp_17_4_cast (85)  [1/1] 0.00ns  loc: dct.c:17
:37  %tmp_17_4_cast = sext i16 %src_load_4 to i29

ST_6: tmp_18_4 (86)  [1/1] 3.36ns  loc: dct.c:17
:38  %tmp_18_4 = mul i29 %tmp_17_4_cast, %coeff_4_cast

ST_6: src_load_6 (96)  [1/2] 3.25ns  loc: dct.c:17
:48  %src_load_6 = load i16* %src_addr_6, align 2

ST_6: src_load_7 (102)  [1/2] 3.25ns  loc: dct.c:17
:54  %src_load_7 = load i16* %src_addr_7, align 2

ST_6: tmp3 (106)  [1/1] 3.02ns  loc: dct.c:19
:58  %tmp3 = add i29 %tmp_18_3, %tmp_18_2

ST_6: tmp1 (107)  [1/1] 3.35ns  loc: dct.c:19
:59  %tmp1 = add i29 %tmp2, %tmp3

ST_6: tmp5 (108)  [1/1] 3.02ns  loc: dct.c:19
:60  %tmp5 = add i29 %tmp_18_5, %tmp_18_4


 <State 7>: 9.40ns
ST_7: coeff_6_cast (95)  [1/1] 0.00ns  loc: dct.c:17
:47  %coeff_6_cast = sext i15 %dct_coeff_table_6_lo to i29

ST_7: tmp_17_6_cast (97)  [1/1] 0.00ns  loc: dct.c:17
:49  %tmp_17_6_cast = sext i16 %src_load_6 to i29

ST_7: tmp_18_6 (98)  [1/1] 3.36ns  loc: dct.c:17
:50  %tmp_18_6 = mul i29 %tmp_17_6_cast, %coeff_6_cast

ST_7: coeff_7_cast (101)  [1/1] 0.00ns  loc: dct.c:17
:53  %coeff_7_cast = sext i15 %dct_coeff_table_7_lo to i29

ST_7: tmp_17_7_cast (103)  [1/1] 0.00ns  loc: dct.c:17
:55  %tmp_17_7_cast = sext i16 %src_load_7 to i29

ST_7: tmp_18_7 (104)  [1/1] 3.36ns  loc: dct.c:17
:56  %tmp_18_7 = mul i29 %tmp_17_7_cast, %coeff_7_cast

ST_7: tmp7 (109)  [1/1] 3.02ns  loc: dct.c:19
:61  %tmp7 = add i29 %tmp_18_7, 4096

ST_7: tmp6 (110)  [1/1] 3.02ns  loc: dct.c:19
:62  %tmp6 = add i29 %tmp_18_6, %tmp7


 <State 8>: 4.28ns
ST_8: tmp4 (111)  [1/1] 2.14ns  loc: dct.c:19
:63  %tmp4 = add i29 %tmp5, %tmp6

ST_8: tmp_11 (112)  [1/1] 2.14ns  loc: dct.c:19
:64  %tmp_11 = add i29 %tmp1, %tmp4

ST_8: tmp_13 (113)  [1/1] 0.00ns  loc: dct.c:19
:65  %tmp_13 = call i16 @_ssdm_op_PartSelect.i16.i29.i32.i32(i29 %tmp_11, i32 13, i32 28)


 <State 9>: 3.25ns
ST_9: empty (48)  [1/1] 0.00ns
:0  %empty = call i32 (...)* @_ssdm_op_SpecLoopTripCount(i64 8, i64 8, i64 8)

ST_9: StgValue_121 (49)  [1/1] 0.00ns  loc: dct.c:13
:1  call void (...)* @_ssdm_op_SpecLoopName([15 x i8]* @p_str) nounwind

ST_9: tmp_12 (50)  [1/1] 0.00ns  loc: dct.c:13
:2  %tmp_12 = call i32 (...)* @_ssdm_op_SpecRegionBegin([15 x i8]* @p_str) nounwind

ST_9: StgValue_123 (51)  [1/1] 0.00ns  loc: dct.c:14
:3  call void (...)* @_ssdm_op_SpecPipeline(i32 -1, i32 1, i32 1, i32 0, [1 x i8]* @p_str1) nounwind

ST_9: tmp_38_cast (55)  [1/1] 0.00ns  loc: dct.c:19
:7  %tmp_38_cast = zext i8 %tmp_32 to i64

ST_9: dst_addr (56)  [1/1] 0.00ns  loc: dct.c:19
:8  %dst_addr = getelementptr [64 x i16]* %dst, i64 0, i64 %tmp_38_cast

ST_9: StgValue_126 (114)  [1/1] 3.25ns  loc: dct.c:19
:66  store i16 %tmp_13, i16* %dst_addr, align 2

ST_9: empty_10 (115)  [1/1] 0.00ns  loc: dct.c:20
:67  %empty_10 = call i32 (...)* @_ssdm_op_SpecRegionEnd([15 x i8]* @p_str, i32 %tmp_12) nounwind

ST_9: StgValue_128 (116)  [1/1] 0.00ns  loc: dct.c:13
:68  br label %1


 <State 10>: 0.00ns
ST_10: StgValue_129 (118)  [1/1] 0.00ns  loc: dct.c:21
:0  ret void



============================================================
+ Verbose Summary: Binding
============================================================
STG Binding: 
---------------- STG Properties BEGIN ----------------
- Is combinational: 0
- Is one-state seq: 0
- Is datapath-only: 0
- Is pipelined: 0
- Is top level: 0
Port [ Return ] is wired: 1; IO mode=ap_ctrl_hs:ce=0
Port [ src]:  wired=1; compound=1; hidden=0; nouse=0; global=0; static=0; extern=0; dir=0; type=1; pingpong=0; private_global=0; MemPort=[11]; IO mode=ap_memory:ce=0
Port [ tmp_6]:  wired=1; compound=0; hidden=0; nouse=0; global=0; static=0; extern=0; dir=0; type=0; pingpong=0; private_global=0; IO mode=ap_none:ce=0
Port [ dst]:  wired=1; compound=1; hidden=0; nouse=0; global=0; static=0; extern=0; dir=1; type=1; pingpong=0; private_global=0; MemPort=[03]; IO mode=ap_memory:ce=0
Port [ tmp_61]:  wired=1; compound=0; hidden=0; nouse=0; global=0; static=0; extern=0; dir=0; type=0; pingpong=0; private_global=0; IO mode=ap_none:ce=0
Port [ dct_coeff_table_0]:  wired=0; compound=1; hidden=1; nouse=0; global=1; static=1; extern=0; dir=0; type=1; pingpong=0; private_global=1; linkage=7; visibility=0; MemPort=[1]; IO mode=ap_memory:ce=0
Port [ dct_coeff_table_1]:  wired=0; compound=1; hidden=1; nouse=0; global=1; static=1; extern=0; dir=0; type=1; pingpong=0; private_global=1; linkage=7; visibility=0; MemPort=[1]; IO mode=ap_memory:ce=0
Port [ dct_coeff_table_2]:  wired=0; compound=1; hidden=1; nouse=0; global=1; static=1; extern=0; dir=0; type=1; pingpong=0; private_global=1; linkage=7; visibility=0; MemPort=[1]; IO mode=ap_memory:ce=0
Port [ dct_coeff_table_3]:  wired=0; compound=1; hidden=1; nouse=0; global=1; static=1; extern=0; dir=0; type=1; pingpong=0; private_global=1; linkage=7; visibility=0; MemPort=[1]; IO mode=ap_memory:ce=0
Port [ dct_coeff_table_4]:  wired=0; compound=1; hidden=1; nouse=0; global=1; static=1; extern=0; dir=0; type=1; pingpong=0; private_global=1; linkage=7; visibility=0; MemPort=[1]; IO mode=ap_memory:ce=0
Port [ dct_coeff_table_5]:  wired=0; compound=1; hidden=1; nouse=0; global=1; static=1; extern=0; dir=0; type=1; pingpong=0; private_global=1; linkage=7; visibility=0; MemPort=[1]; IO mode=ap_memory:ce=0
Port [ dct_coeff_table_6]:  wired=0; compound=1; hidden=1; nouse=0; global=1; static=1; extern=0; dir=0; type=1; pingpong=0; private_global=1; linkage=7; visibility=0; MemPort=[1]; IO mode=ap_memory:ce=0
Port [ dct_coeff_table_7]:  wired=0; compound=1; hidden=1; nouse=0; global=1; static=1; extern=0; dir=0; type=1; pingpong=0; private_global=1; linkage=7; visibility=0; MemPort=[1]; IO mode=ap_memory:ce=0
---------------- STG Properties END ------------------

---------------- Datapath Model BEGIN ----------------

<LifeTime>
<method=bitvector/>
tmp_61_read          (read             ) [ 00000000000]
tmp_6_read           (read             ) [ 00000000000]
tmp_15               (bitconcatenate   ) [ 00000000000]
tmp_21_cast          (zext             ) [ 00111111110]
tmp_16               (bitconcatenate   ) [ 00000000000]
tmp_17               (zext             ) [ 00000000000]
src_addr             (getelementptr    ) [ 00111111110]
tmp_18               (or               ) [ 00000000000]
tmp_19               (bitconcatenate   ) [ 00000000000]
src_addr_1           (getelementptr    ) [ 00111111110]
tmp_20               (or               ) [ 00000000000]
tmp_21               (bitconcatenate   ) [ 00000000000]
src_addr_2           (getelementptr    ) [ 00111111110]
tmp_22               (or               ) [ 00000000000]
tmp_23               (bitconcatenate   ) [ 00000000000]
src_addr_3           (getelementptr    ) [ 00111111110]
tmp_24               (or               ) [ 00000000000]
tmp_25               (bitconcatenate   ) [ 00000000000]
src_addr_4           (getelementptr    ) [ 00111111110]
tmp_26               (or               ) [ 00000000000]
tmp_27               (bitconcatenate   ) [ 00000000000]
src_addr_5           (getelementptr    ) [ 00111111110]
tmp_28               (or               ) [ 00000000000]
tmp_29               (bitconcatenate   ) [ 00000000000]
src_addr_6           (getelementptr    ) [ 00111111110]
tmp_30               (or               ) [ 00000000000]
tmp_31               (bitconcatenate   ) [ 00000000000]
src_addr_7           (getelementptr    ) [ 00111111110]
StgValue_39          (br               ) [ 01111111110]
k                    (phi              ) [ 00100000000]
tmp                  (icmp             ) [ 00111111110]
k_1                  (add              ) [ 01111111110]
StgValue_43          (br               ) [ 00000000000]
tmp_s                (zext             ) [ 00010000000]
tmp_cast             (zext             ) [ 00000000000]
tmp_32               (add              ) [ 00111111110]
dct_coeff_table_1_ad (getelementptr    ) [ 00010000000]
dct_coeff_table_3_ad (getelementptr    ) [ 00010000000]
dct_coeff_table_0_ad (getelementptr    ) [ 00001000000]
dct_coeff_table_1_lo (load             ) [ 00001000000]
src_load_1           (load             ) [ 00001000000]
dct_coeff_table_2_ad (getelementptr    ) [ 00001000000]
dct_coeff_table_3_lo (load             ) [ 00001000000]
src_load_3           (load             ) [ 00001000000]
dct_coeff_table_4_ad (getelementptr    ) [ 00001000000]
dct_coeff_table_5_ad (getelementptr    ) [ 00001000000]
dct_coeff_table_6_ad (getelementptr    ) [ 00001000000]
dct_coeff_table_7_ad (getelementptr    ) [ 00001000000]
dct_coeff_table_0_lo (load             ) [ 00000100000]
src_load             (load             ) [ 00000100000]
coeff_1_cast         (sext             ) [ 00000000000]
tmp_17_1_cast        (sext             ) [ 00000000000]
tmp_18_1             (mul              ) [ 00000100000]
dct_coeff_table_2_lo (load             ) [ 00100110000]
coeff_3_cast         (sext             ) [ 00000000000]
tmp_17_3_cast        (sext             ) [ 00000000000]
tmp_18_3             (mul              ) [ 00100110000]
dct_coeff_table_4_lo (load             ) [ 00100110000]
dct_coeff_table_5_lo (load             ) [ 00000100000]
src_load_5           (load             ) [ 00000100000]
dct_coeff_table_6_lo (load             ) [ 00110111000]
dct_coeff_table_7_lo (load             ) [ 00110111000]
coeff_cast           (zext             ) [ 00000000000]
tmp_16_cast          (sext             ) [ 00000000000]
tmp_14               (mul              ) [ 00000000000]
src_load_2           (load             ) [ 00100010000]
src_load_4           (load             ) [ 00100010000]
coeff_5_cast         (sext             ) [ 00000000000]
tmp_17_5_cast        (sext             ) [ 00000000000]
tmp_18_5             (mul              ) [ 00100010000]
tmp2                 (add              ) [ 00100010000]
coeff_2_cast         (sext             ) [ 00000000000]
tmp_17_2_cast        (sext             ) [ 00000000000]
tmp_18_2             (mul              ) [ 00000000000]
coeff_4_cast         (sext             ) [ 00000000000]
tmp_17_4_cast        (sext             ) [ 00000000000]
tmp_18_4             (mul              ) [ 00000000000]
src_load_6           (load             ) [ 00010001000]
src_load_7           (load             ) [ 00010001000]
tmp3                 (add              ) [ 00000000000]
tmp1                 (add              ) [ 00011001100]
tmp5                 (add              ) [ 00011001100]
coeff_6_cast         (sext             ) [ 00000000000]
tmp_17_6_cast        (sext             ) [ 00000000000]
tmp_18_6             (mul              ) [ 00000000000]
coeff_7_cast         (sext             ) [ 00000000000]
tmp_17_7_cast        (sext             ) [ 00000000000]
tmp_18_7             (mul              ) [ 00000000000]
tmp7                 (add              ) [ 00000000000]
tmp6                 (add              ) [ 00001000100]
tmp4                 (add              ) [ 00000000000]
tmp_11               (add              ) [ 00000000000]
tmp_13               (partselect       ) [ 00000100010]
empty                (speclooptripcount) [ 00000000000]
StgValue_121         (specloopname     ) [ 00000000000]
tmp_12               (specregionbegin  ) [ 00000000000]
StgValue_123         (specpipeline     ) [ 00000000000]
tmp_38_cast          (zext             ) [ 00000000000]
dst_addr             (getelementptr    ) [ 00000000000]
StgValue_126         (store            ) [ 00000000000]
empty_10             (specregionend    ) [ 00000000000]
StgValue_128         (br               ) [ 01111111110]
StgValue_129         (ret              ) [ 00000000000]
</LifeTime>

<model>

<comp_list>
<comp id="0" class="1000" name="src">
<pin_list>
<pin id="1" dir="1" index="0" bw="1" slack="0"/>
</pin_list>
<bind>
<StgValue><ssdm name="src"/><MemPortTyVec>1 1 </MemPortTyVec>
</StgValue>
</bind>
</comp>

<comp id="2" class="1000" name="tmp_6">
<pin_list>
<pin id="3" dir="1" index="0" bw="1" slack="0"/>
</pin_list>
<bind>
<StgValue><ssdm name="tmp_6"/></StgValue>
</bind>
</comp>

<comp id="4" class="1000" name="dst">
<pin_list>
<pin id="5" dir="1" index="0" bw="1" slack="0"/>
</pin_list>
<bind>
<StgValue><ssdm name="dst"/><MemPortTyVec>0 3 </MemPortTyVec>
</StgValue>
</bind>
</comp>

<comp id="6" class="1000" name="tmp_61">
<pin_list>
<pin id="7" dir="1" index="0" bw="1" slack="0"/>
</pin_list>
<bind>
<StgValue><ssdm name="tmp_61"/></StgValue>
</bind>
</comp>

<comp id="8" class="1000" name="dct_coeff_table_0">
<pin_list>
<pin id="9" dir="1" index="0" bw="1" slack="0"/>
</pin_list>
<bind>
<StgValue><ssdm name="dct_coeff_table_0"/><MemPortTyVec>1 </MemPortTyVec>
</StgValue>
</bind>
</comp>

<comp id="10" class="1000" name="dct_coeff_table_1">
<pin_list>
<pin id="11" dir="1" index="0" bw="1" slack="0"/>
</pin_list>
<bind>
<StgValue><ssdm name="dct_coeff_table_1"/><MemPortTyVec>1 </MemPortTyVec>
</StgValue>
</bind>
</comp>

<comp id="12" class="1000" name="dct_coeff_table_2">
<pin_list>
<pin id="13" dir="1" index="0" bw="1" slack="0"/>
</pin_list>
<bind>
<StgValue><ssdm name="dct_coeff_table_2"/><MemPortTyVec>1 </MemPortTyVec>
</StgValue>
</bind>
</comp>

<comp id="14" class="1000" name="dct_coeff_table_3">
<pin_list>
<pin id="15" dir="1" index="0" bw="1" slack="0"/>
</pin_list>
<bind>
<StgValue><ssdm name="dct_coeff_table_3"/><MemPortTyVec>1 </MemPortTyVec>
</StgValue>
</bind>
</comp>

<comp id="16" class="1000" name="dct_coeff_table_4">
<pin_list>
<pin id="17" dir="1" index="0" bw="1" slack="0"/>
</pin_list>
<bind>
<StgValue><ssdm name="dct_coeff_table_4"/><MemPortTyVec>1 </MemPortTyVec>
</StgValue>
</bind>
</comp>

<comp id="18" class="1000" name="dct_coeff_table_5">
<pin_list>
<pin id="19" dir="1" index="0" bw="1" slack="0"/>
</pin_list>
<bind>
<StgValue><ssdm name="dct_coeff_table_5"/><MemPortTyVec>1 </MemPortTyVec>
</StgValue>
</bind>
</comp>

<comp id="20" class="1000" name="dct_coeff_table_6">
<pin_list>
<pin id="21" dir="1" index="0" bw="1" slack="0"/>
</pin_list>
<bind>
<StgValue><ssdm name="dct_coeff_table_6"/><MemPortTyVec>1 </MemPortTyVec>
</StgValue>
</bind>
</comp>

<comp id="22" class="1000" name="dct_coeff_table_7">
<pin_list>
<pin id="23" dir="1" index="0" bw="1" slack="0"/>
</pin_list>
<bind>
<StgValue><ssdm name="dct_coeff_table_7"/><MemPortTyVec>1 </MemPortTyVec>
</StgValue>
</bind>
</comp>

<comp id="24" class="1001" name="const_24">
<pin_list>
<pin id="25" dir="1" index="0" bw="1" slack="0"/>
</pin_list>
<bind>
<StgValue><ssdm name="_ssdm_op_Read.ap_auto.i4"/></StgValue>
</bind>
</comp>

<comp id="26" class="1001" name="const_26">
<pin_list>
<pin id="27" dir="1" index="0" bw="1" slack="0"/>
</pin_list>
<bind>
<StgValue><ssdm name="_ssdm_op_BitConcatenate.i7.i4.i3"/></StgValue>
</bind>
</comp>

<comp id="28" class="1001" name="const_28">
<pin_list>
<pin id="29" dir="1" index="0" bw="1" slack="0"/>
</pin_list>
<bind>
<StgValue><ssdm name=""/></StgValue>
</bind>
</comp>

<comp id="30" class="1001" name="const_30">
<pin_list>
<pin id="31" dir="1" index="0" bw="1" slack="0"/>
</pin_list>
<bind>
<StgValue><ssdm name=""/></StgValue>
</bind>
</comp>

<comp id="32" class="1001" name="const_32">
<pin_list>
<pin id="33" dir="1" index="0" bw="1" slack="0"/>
</pin_list>
<bind>
<StgValue><ssdm name=""/></StgValue>
</bind>
</comp>

<comp id="34" class="1001" name="const_34">
<pin_list>
<pin id="35" dir="1" index="0" bw="1" slack="0"/>
</pin_list>
<bind>
<StgValue><ssdm name="_ssdm_op_BitConcatenate.i64.i57.i7"/></StgValue>
</bind>
</comp>

<comp id="36" class="1001" name="const_36">
<pin_list>
<pin id="37" dir="1" index="0" bw="1" slack="0"/>
</pin_list>
<bind>
<StgValue><ssdm name=""/></StgValue>
</bind>
</comp>

<comp id="38" class="1001" name="const_38">
<pin_list>
<pin id="39" dir="1" index="0" bw="1" slack="0"/>
</pin_list>
<bind>
<StgValue><ssdm name=""/></StgValue>
</bind>
</comp>

<comp id="40" class="1001" name="const_40">
<pin_list>
<pin id="41" dir="1" index="0" bw="1" slack="0"/>
</pin_list>
<bind>
<StgValue><ssdm name=""/></StgValue>
</bind>
</comp>

<comp id="42" class="1001" name="const_42">
<pin_list>
<pin id="43" dir="1" index="0" bw="1" slack="0"/>
</pin_list>
<bind>
<StgValue><ssdm name=""/></StgValue>
</bind>
</comp>

<comp id="44" class="1001" name="const_44">
<pin_list>
<pin id="45" dir="1" index="0" bw="1" slack="0"/>
</pin_list>
<bind>
<StgValue><ssdm name=""/></StgValue>
</bind>
</comp>

<comp id="46" class="1001" name="const_46">
<pin_list>
<pin id="47" dir="1" index="0" bw="1" slack="0"/>
</pin_list>
<bind>
<StgValue><ssdm name=""/></StgValue>
</bind>
</comp>

<comp id="48" class="1001" name="const_48">
<pin_list>
<pin id="49" dir="1" index="0" bw="1" slack="0"/>
</pin_list>
<bind>
<StgValue><ssdm name=""/></StgValue>
</bind>
</comp>

<comp id="50" class="1001" name="const_50">
<pin_list>
<pin id="51" dir="1" index="0" bw="1" slack="1"/>
</pin_list>
<bind>
<StgValue><ssdm name=""/></StgValue>
</bind>
</comp>

<comp id="52" class="1001" name="const_52">
<pin_list>
<pin id="53" dir="1" index="0" bw="1" slack="0"/>
</pin_list>
<bind>
<StgValue><ssdm name=""/></StgValue>
</bind>
</comp>

<comp id="54" class="1001" name="const_54">
<pin_list>
<pin id="55" dir="1" index="0" bw="1" slack="0"/>
</pin_list>
<bind>
<StgValue><ssdm name=""/></StgValue>
</bind>
</comp>

<comp id="56" class="1001" name="const_56">
<pin_list>
<pin id="57" dir="1" index="0" bw="1" slack="0"/>
</pin_list>
<bind>
<StgValue><ssdm name=""/></StgValue>
</bind>
</comp>

<comp id="58" class="1001" name="const_58">
<pin_list>
<pin id="59" dir="1" index="0" bw="1" slack="0"/>
</pin_list>
<bind>
<StgValue><ssdm name="_ssdm_op_PartSelect.i16.i29.i32.i32"/></StgValue>
</bind>
</comp>

<comp id="60" class="1001" name="const_60">
<pin_list>
<pin id="61" dir="1" index="0" bw="1" slack="0"/>
</pin_list>
<bind>
<StgValue><ssdm name=""/></StgValue>
</bind>
</comp>

<comp id="62" class="1001" name="const_62">
<pin_list>
<pin id="63" dir="1" index="0" bw="1" slack="0"/>
</pin_list>
<bind>
<StgValue><ssdm name=""/></StgValue>
</bind>
</comp>

<comp id="64" class="1001" name="const_64">
<pin_list>
<pin id="65" dir="1" index="0" bw="1" slack="2147483647"/>
</pin_list>
<bind>
<StgValue><ssdm name="_ssdm_op_SpecLoopTripCount"/></StgValue>
</bind>
</comp>

<comp id="66" class="1001" name="const_66">
<pin_list>
<pin id="67" dir="1" index="0" bw="1" slack="2147483647"/>
</pin_list>
<bind>
<StgValue><ssdm name=""/></StgValue>
</bind>
</comp>

<comp id="68" class="1001" name="const_68">
<pin_list>
<pin id="69" dir="1" index="0" bw="1" slack="2147483647"/>
</pin_list>
<bind>
<StgValue><ssdm name="_ssdm_op_SpecLoopName"/></StgValue>
</bind>
</comp>

<comp id="70" class="1001" name="const_70">
<pin_list>
<pin id="71" dir="1" index="0" bw="1" slack="2147483647"/>
</pin_list>
<bind>
<StgValue><ssdm name="p_str"/></StgValue>
</bind>
</comp>

<comp id="72" class="1001" name="const_72">
<pin_list>
<pin id="73" dir="1" index="0" bw="1" slack="2147483647"/>
</pin_list>
<bind>
<StgValue><ssdm name="_ssdm_op_SpecRegionBegin"/></StgValue>
</bind>
</comp>

<comp id="74" class="1001" name="const_74">
<pin_list>
<pin id="75" dir="1" index="0" bw="1" slack="2147483647"/>
</pin_list>
<bind>
<StgValue><ssdm name="_ssdm_op_SpecPipeline"/></StgValue>
</bind>
</comp>

<comp id="76" class="1001" name="const_76">
<pin_list>
<pin id="77" dir="1" index="0" bw="1" slack="2147483647"/>
</pin_list>
<bind>
<StgValue><ssdm name=""/></StgValue>
</bind>
</comp>

<comp id="78" class="1001" name="const_78">
<pin_list>
<pin id="79" dir="1" index="0" bw="1" slack="2147483647"/>
</pin_list>
<bind>
<StgValue><ssdm name=""/></StgValue>
</bind>
</comp>

<comp id="80" class="1001" name="const_80">
<pin_list>
<pin id="81" dir="1" index="0" bw="1" slack="2147483647"/>
</pin_list>
<bind>
<StgValue><ssdm name=""/></StgValue>
</bind>
</comp>

<comp id="82" class="1001" name="const_82">
<pin_list>
<pin id="83" dir="1" index="0" bw="1" slack="2147483647"/>
</pin_list>
<bind>
<StgValue><ssdm name="p_str1"/></StgValue>
</bind>
</comp>

<comp id="84" class="1001" name="const_84">
<pin_list>
<pin id="85" dir="1" index="0" bw="1" slack="2147483647"/>
</pin_list>
<bind>
<StgValue><ssdm name="_ssdm_op_SpecRegionEnd"/></StgValue>
</bind>
</comp>

<comp id="86" class="1004" name="tmp_61_read_read_fu_86">
<pin_list>
<pin id="87" dir="0" index="0" bw="4" slack="0"/>
<pin id="88" dir="0" index="1" bw="4" slack="0"/>
<pin id="89" dir="1" index="2" bw="4" slack="0"/>
</pin_list>
<bind>
<opcode="read(1150) " fcode="read"/>
<opset="tmp_61_read/1 "/>
</bind>
</comp>

<comp id="92" class="1004" name="tmp_6_read_read_fu_92">
<pin_list>
<pin id="93" dir="0" index="0" bw="4" slack="0"/>
<pin id="94" dir="0" index="1" bw="4" slack="0"/>
<pin id="95" dir="1" index="2" bw="4" slack="0"/>
</pin_list>
<bind>
<opcode="read(1150) " fcode="read"/>
<opset="tmp_6_read/1 "/>
</bind>
</comp>

<comp id="98" class="1004" name="src_addr_gep_fu_98">
<pin_list>
<pin id="99" dir="0" index="0" bw="16" slack="0"/>
<pin id="100" dir="0" index="1" bw="1" slack="0"/>
<pin id="101" dir="0" index="2" bw="7" slack="0"/>
<pin id="102" dir="1" index="3" bw="6" slack="2"/>
</pin_list>
<bind>
<opcode="getelementptr(29) " fcode="getelementptr"/>
<opset="src_addr/1 "/>
</bind>
</comp>

<comp id="105" class="1004" name="src_addr_1_gep_fu_105">
<pin_list>
<pin id="106" dir="0" index="0" bw="16" slack="0"/>
<pin id="107" dir="0" index="1" bw="1" slack="0"/>
<pin id="108" dir="0" index="2" bw="64" slack="0"/>
<pin id="109" dir="1" index="3" bw="6" slack="1"/>
</pin_list>
<bind>
<opcode="getelementptr(29) " fcode="getelementptr"/>
<opset="src_addr_1/1 "/>
</bind>
</comp>

<comp id="112" class="1004" name="src_addr_2_gep_fu_112">
<pin_list>
<pin id="113" dir="0" index="0" bw="16" slack="0"/>
<pin id="114" dir="0" index="1" bw="1" slack="0"/>
<pin id="115" dir="0" index="2" bw="64" slack="0"/>
<pin id="116" dir="1" index="3" bw="6" slack="3"/>
</pin_list>
<bind>
<opcode="getelementptr(29) " fcode="getelementptr"/>
<opset="src_addr_2/1 "/>
</bind>
</comp>

<comp id="119" class="1004" name="src_addr_3_gep_fu_119">
<pin_list>
<pin id="120" dir="0" index="0" bw="16" slack="0"/>
<pin id="121" dir="0" index="1" bw="1" slack="0"/>
<pin id="122" dir="0" index="2" bw="64" slack="0"/>
<pin id="123" dir="1" index="3" bw="6" slack="1"/>
</pin_list>
<bind>
<opcode="getelementptr(29) " fcode="getelementptr"/>
<opset="src_addr_3/1 "/>
</bind>
</comp>

<comp id="126" class="1004" name="src_addr_4_gep_fu_126">
<pin_list>
<pin id="127" dir="0" index="0" bw="16" slack="0"/>
<pin id="128" dir="0" index="1" bw="1" slack="0"/>
<pin id="129" dir="0" index="2" bw="64" slack="0"/>
<pin id="130" dir="1" index="3" bw="6" slack="3"/>
</pin_list>
<bind>
<opcode="getelementptr(29) " fcode="getelementptr"/>
<opset="src_addr_4/1 "/>
</bind>
</comp>

<comp id="133" class="1004" name="src_addr_5_gep_fu_133">
<pin_list>
<pin id="134" dir="0" index="0" bw="16" slack="0"/>
<pin id="135" dir="0" index="1" bw="1" slack="0"/>
<pin id="136" dir="0" index="2" bw="64" slack="0"/>
<pin id="137" dir="1" index="3" bw="6" slack="2"/>
</pin_list>
<bind>
<opcode="getelementptr(29) " fcode="getelementptr"/>
<opset="src_addr_5/1 "/>
</bind>
</comp>

<comp id="140" class="1004" name="src_addr_6_gep_fu_140">
<pin_list>
<pin id="141" dir="0" index="0" bw="16" slack="0"/>
<pin id="142" dir="0" index="1" bw="1" slack="0"/>
<pin id="143" dir="0" index="2" bw="64" slack="0"/>
<pin id="144" dir="1" index="3" bw="6" slack="4"/>
</pin_list>
<bind>
<opcode="getelementptr(29) " fcode="getelementptr"/>
<opset="src_addr_6/1 "/>
</bind>
</comp>

<comp id="147" class="1004" name="src_addr_7_gep_fu_147">
<pin_list>
<pin id="148" dir="0" index="0" bw="16" slack="0"/>
<pin id="149" dir="0" index="1" bw="1" slack="0"/>
<pin id="150" dir="0" index="2" bw="64" slack="0"/>
<pin id="151" dir="1" index="3" bw="6" slack="4"/>
</pin_list>
<bind>
<opcode="getelementptr(29) " fcode="getelementptr"/>
<opset="src_addr_7/1 "/>
</bind>
</comp>

<comp id="154" class="1004" name="dct_coeff_table_1_ad_gep_fu_154">
<pin_list>
<pin id="155" dir="0" index="0" bw="15" slack="0"/>
<pin id="156" dir="0" index="1" bw="1" slack="0"/>
<pin id="157" dir="0" index="2" bw="4" slack="0"/>
<pin id="158" dir="1" index="3" bw="3" slack="0"/>
</pin_list>
<bind>
<opcode="getelementptr(29) " fcode="getelementptr"/>
<opset="dct_coeff_table_1_ad/2 "/>
</bind>
</comp>

<comp id="161" class="1004" name="grp_access_fu_161">
<pin_list>
<pin id="162" dir="0" index="0" bw="3" slack="0"/>
<pin id="163" dir="0" index="1" bw="15" slack="2147483647"/>
<pin id="164" dir="1" index="2" bw="15" slack="1"/>
</pin_list>
<bind>
<opcode="load(27) " fcode="load"/>
<opset="dct_coeff_table_1_lo/2 "/>
</bind>
</comp>

<comp id="166" class="1004" name="grp_access_fu_166">
<pin_list>
<pin id="167" dir="0" index="0" bw="6" slack="1"/>
<pin id="168" dir="0" index="1" bw="16" slack="2147483647"/>
<pin id="182" dir="0" index="3" bw="6" slack="1"/>
<pin id="183" dir="0" index="4" bw="16" slack="2147483647"/>
<pin id="169" dir="1" index="2" bw="16" slack="1"/>
<pin id="184" dir="1" index="5" bw="16" slack="1"/>
</pin_list>
<bind>
<opcode="load(27) " fcode="load"/>
<opset="src_load_1/2 src_load_3/2 src_load/3 src_load_5/3 src_load_2/4 src_load_4/4 src_load_6/5 src_load_7/5 "/>
</bind>
</comp>

<comp id="170" class="1004" name="dct_coeff_table_3_ad_gep_fu_170">
<pin_list>
<pin id="171" dir="0" index="0" bw="15" slack="0"/>
<pin id="172" dir="0" index="1" bw="1" slack="0"/>
<pin id="173" dir="0" index="2" bw="4" slack="0"/>
<pin id="174" dir="1" index="3" bw="3" slack="0"/>
</pin_list>
<bind>
<opcode="getelementptr(29) " fcode="getelementptr"/>
<opset="dct_coeff_table_3_ad/2 "/>
</bind>
</comp>

<comp id="177" class="1004" name="grp_access_fu_177">
<pin_list>
<pin id="178" dir="0" index="0" bw="3" slack="0"/>
<pin id="179" dir="0" index="1" bw="15" slack="2147483647"/>
<pin id="180" dir="1" index="2" bw="15" slack="1"/>
</pin_list>
<bind>
<opcode="load(27) " fcode="load"/>
<opset="dct_coeff_table_3_lo/2 "/>
</bind>
</comp>

<comp id="185" class="1004" name="dct_coeff_table_0_ad_gep_fu_185">
<pin_list>
<pin id="186" dir="0" index="0" bw="14" slack="0"/>
<pin id="187" dir="0" index="1" bw="1" slack="0"/>
<pin id="188" dir="0" index="2" bw="4" slack="1"/>
<pin id="189" dir="1" index="3" bw="3" slack="0"/>
</pin_list>
<bind>
<opcode="getelementptr(29) " fcode="getelementptr"/>
<opset="dct_coeff_table_0_ad/3 "/>
</bind>
</comp>

<comp id="192" class="1004" name="grp_access_fu_192">
<pin_list>
<pin id="193" dir="0" index="0" bw="3" slack="0"/>
<pin id="194" dir="0" index="1" bw="14" slack="2147483647"/>
<pin id="195" dir="1" index="2" bw="14" slack="1"/>
</pin_list>
<bind>
<opcode="load(27) " fcode="load"/>
<opset="dct_coeff_table_0_lo/3 "/>
</bind>
</comp>

<comp id="197" class="1004" name="dct_coeff_table_2_ad_gep_fu_197">
<pin_list>
<pin id="198" dir="0" index="0" bw="15" slack="0"/>
<pin id="199" dir="0" index="1" bw="1" slack="0"/>
<pin id="200" dir="0" index="2" bw="4" slack="1"/>
<pin id="201" dir="1" index="3" bw="3" slack="0"/>
</pin_list>
<bind>
<opcode="getelementptr(29) " fcode="getelementptr"/>
<opset="dct_coeff_table_2_ad/3 "/>
</bind>
</comp>

<comp id="204" class="1004" name="grp_access_fu_204">
<pin_list>
<pin id="205" dir="0" index="0" bw="3" slack="0"/>
<pin id="206" dir="0" index="1" bw="15" slack="2147483647"/>
<pin id="207" dir="1" index="2" bw="15" slack="2"/>
</pin_list>
<bind>
<opcode="load(27) " fcode="load"/>
<opset="dct_coeff_table_2_lo/3 "/>
</bind>
</comp>

<comp id="209" class="1004" name="dct_coeff_table_4_ad_gep_fu_209">
<pin_list>
<pin id="210" dir="0" index="0" bw="15" slack="0"/>
<pin id="211" dir="0" index="1" bw="1" slack="0"/>
<pin id="212" dir="0" index="2" bw="4" slack="1"/>
<pin id="213" dir="1" index="3" bw="3" slack="0"/>
</pin_list>
<bind>
<opcode="getelementptr(29) " fcode="getelementptr"/>
<opset="dct_coeff_table_4_ad/3 "/>
</bind>
</comp>

<comp id="216" class="1004" name="grp_access_fu_216">
<pin_list>
<pin id="217" dir="0" index="0" bw="3" slack="0"/>
<pin id="218" dir="0" index="1" bw="15" slack="2147483647"/>
<pin id="219" dir="1" index="2" bw="15" slack="2"/>
</pin_list>
<bind>
<opcode="load(27) " fcode="load"/>
<opset="dct_coeff_table_4_lo/3 "/>
</bind>
</comp>

<comp id="221" class="1004" name="dct_coeff_table_5_ad_gep_fu_221">
<pin_list>
<pin id="222" dir="0" index="0" bw="15" slack="0"/>
<pin id="223" dir="0" index="1" bw="1" slack="0"/>
<pin id="224" dir="0" index="2" bw="4" slack="1"/>
<pin id="225" dir="1" index="3" bw="3" slack="0"/>
</pin_list>
<bind>
<opcode="getelementptr(29) " fcode="getelementptr"/>
<opset="dct_coeff_table_5_ad/3 "/>
</bind>
</comp>

<comp id="228" class="1004" name="grp_access_fu_228">
<pin_list>
<pin id="229" dir="0" index="0" bw="3" slack="0"/>
<pin id="230" dir="0" index="1" bw="15" slack="2147483647"/>
<pin id="231" dir="1" index="2" bw="15" slack="1"/>
</pin_list>
<bind>
<opcode="load(27) " fcode="load"/>
<opset="dct_coeff_table_5_lo/3 "/>
</bind>
</comp>

<comp id="233" class="1004" name="dct_coeff_table_6_ad_gep_fu_233">
<pin_list>
<pin id="234" dir="0" index="0" bw="15" slack="0"/>
<pin id="235" dir="0" index="1" bw="1" slack="0"/>
<pin id="236" dir="0" index="2" bw="4" slack="1"/>
<pin id="237" dir="1" index="3" bw="3" slack="0"/>
</pin_list>
<bind>
<opcode="getelementptr(29) " fcode="getelementptr"/>
<opset="dct_coeff_table_6_ad/3 "/>
</bind>
</comp>

<comp id="240" class="1004" name="grp_access_fu_240">
<pin_list>
<pin id="241" dir="0" index="0" bw="3" slack="0"/>
<pin id="242" dir="0" index="1" bw="15" slack="2147483647"/>
<pin id="243" dir="1" index="2" bw="15" slack="3"/>
</pin_list>
<bind>
<opcode="load(27) " fcode="load"/>
<opset="dct_coeff_table_6_lo/3 "/>
</bind>
</comp>

<comp id="245" class="1004" name="dct_coeff_table_7_ad_gep_fu_245">
<pin_list>
<pin id="246" dir="0" index="0" bw="15" slack="0"/>
<pin id="247" dir="0" index="1" bw="1" slack="0"/>
<pin id="248" dir="0" index="2" bw="4" slack="1"/>
<pin id="249" dir="1" index="3" bw="3" slack="0"/>
</pin_list>
<bind>
<opcode="getelementptr(29) " fcode="getelementptr"/>
<opset="dct_coeff_table_7_ad/3 "/>
</bind>
</comp>

<comp id="252" class="1004" name="grp_access_fu_252">
<pin_list>
<pin id="253" dir="0" index="0" bw="3" slack="0"/>
<pin id="254" dir="0" index="1" bw="15" slack="2147483647"/>
<pin id="255" dir="1" index="2" bw="15" slack="3"/>
</pin_list>
<bind>
<opcode="load(27) " fcode="load"/>
<opset="dct_coeff_table_7_lo/3 "/>
</bind>
</comp>

<comp id="257" class="1004" name="dst_addr_gep_fu_257">
<pin_list>
<pin id="258" dir="0" index="0" bw="16" slack="0"/>
<pin id="259" dir="0" index="1" bw="1" slack="0"/>
<pin id="260" dir="0" index="2" bw="8" slack="0"/>
<pin id="261" dir="1" index="3" bw="6" slack="0"/>
</pin_list>
<bind>
<opcode="getelementptr(29) " fcode="getelementptr"/>
<opset="dst_addr/9 "/>
</bind>
</comp>

<comp id="264" class="1004" name="StgValue_126_access_fu_264">
<pin_list>
<pin id="265" dir="0" index="0" bw="6" slack="0"/>
<pin id="266" dir="0" index="1" bw="16" slack="1"/>
<pin id="267" dir="1" index="2" bw="16" slack="2147483647"/>
</pin_list>
<bind>
<opcode="store(28) " fcode="store"/>
<opset="StgValue_126/9 "/>
</bind>
</comp>

<comp id="269" class="1005" name="k_reg_269">
<pin_list>
<pin id="270" dir="0" index="0" bw="4" slack="1"/>
<pin id="271" dir="1" index="1" bw="4" slack="1"/>
</pin_list>
<bind>
<opset="k (phireg) "/>
</bind>
</comp>

<comp id="273" class="1004" name="k_phi_fu_273">
<pin_list>
<pin id="274" dir="0" index="0" bw="1" slack="1"/>
<pin id="275" dir="0" index="1" bw="0" slack="2147483647"/>
<pin id="276" dir="0" index="2" bw="4" slack="0"/>
<pin id="277" dir="0" index="3" bw="0" slack="2147483647"/>
<pin id="278" dir="1" index="4" bw="4" slack="0"/>
</pin_list>
<bind>
<opcode="phi(47) " fcode="phi"/>
<opset="k/2 "/>
</bind>
</comp>

<comp id="280" class="1005" name="reg_280">
<pin_list>
<pin id="281" dir="0" index="0" bw="16" slack="1"/>
<pin id="282" dir="1" index="1" bw="16" slack="1"/>
</pin_list>
<bind>
<opset="src_load_1 src_load src_load_2 src_load_6 "/>
</bind>
</comp>

<comp id="284" class="1005" name="reg_284">
<pin_list>
<pin id="285" dir="0" index="0" bw="16" slack="1"/>
<pin id="286" dir="1" index="1" bw="16" slack="1"/>
</pin_list>
<bind>
<opset="src_load_3 src_load_5 src_load_4 src_load_7 "/>
</bind>
</comp>

<comp id="288" class="1004" name="tmp_15_fu_288">
<pin_list>
<pin id="289" dir="0" index="0" bw="7" slack="0"/>
<pin id="290" dir="0" index="1" bw="4" slack="0"/>
<pin id="291" dir="0" index="2" bw="1" slack="0"/>
<pin id="292" dir="1" index="3" bw="7" slack="0"/>
</pin_list>
<bind>
<opcode="bitconcatenate(1004) " fcode="bitconcatenate"/>
<opset="tmp_15/1 "/>
</bind>
</comp>

<comp id="296" class="1004" name="tmp_21_cast_fu_296">
<pin_list>
<pin id="297" dir="0" index="0" bw="7" slack="0"/>
<pin id="298" dir="1" index="1" bw="8" slack="1"/>
</pin_list>
<bind>
<opcode="zext(34) " fcode="zext"/>
<opset="tmp_21_cast/1 "/>
</bind>
</comp>

<comp id="300" class="1004" name="tmp_16_fu_300">
<pin_list>
<pin id="301" dir="0" index="0" bw="7" slack="0"/>
<pin id="302" dir="0" index="1" bw="4" slack="0"/>
<pin id="303" dir="0" index="2" bw="1" slack="0"/>
<pin id="304" dir="1" index="3" bw="7" slack="0"/>
</pin_list>
<bind>
<opcode="bitconcatenate(1004) " fcode="bitconcatenate"/>
<opset="tmp_16/1 "/>
</bind>
</comp>

<comp id="308" class="1004" name="tmp_17_fu_308">
<pin_list>
<pin id="309" dir="0" index="0" bw="7" slack="0"/>
<pin id="310" dir="1" index="1" bw="64" slack="0"/>
</pin_list>
<bind>
<opcode="zext(34) " fcode="zext"/>
<opset="tmp_17/1 "/>
</bind>
</comp>

<comp id="313" class="1004" name="tmp_18_fu_313">
<pin_list>
<pin id="314" dir="0" index="0" bw="7" slack="0"/>
<pin id="315" dir="0" index="1" bw="1" slack="0"/>
<pin id="316" dir="1" index="2" bw="7" slack="0"/>
</pin_list>
<bind>
<opcode="or(24) " fcode="or"/>
<opset="tmp_18/1 "/>
</bind>
</comp>

<comp id="319" class="1004" name="tmp_19_fu_319">
<pin_list>
<pin id="320" dir="0" index="0" bw="64" slack="0"/>
<pin id="321" dir="0" index="1" bw="1" slack="0"/>
<pin id="322" dir="0" index="2" bw="7" slack="0"/>
<pin id="323" dir="1" index="3" bw="64" slack="0"/>
</pin_list>
<bind>
<opcode="bitconcatenate(1004) " fcode="bitconcatenate"/>
<opset="tmp_19/1 "/>
</bind>
</comp>

<comp id="328" class="1004" name="tmp_20_fu_328">
<pin_list>
<pin id="329" dir="0" index="0" bw="7" slack="0"/>
<pin id="330" dir="0" index="1" bw="3" slack="0"/>
<pin id="331" dir="1" index="2" bw="7" slack="0"/>
</pin_list>
<bind>
<opcode="or(24) " fcode="or"/>
<opset="tmp_20/1 "/>
</bind>
</comp>

<comp id="334" class="1004" name="tmp_21_fu_334">
<pin_list>
<pin id="335" dir="0" index="0" bw="64" slack="0"/>
<pin id="336" dir="0" index="1" bw="1" slack="0"/>
<pin id="337" dir="0" index="2" bw="7" slack="0"/>
<pin id="338" dir="1" index="3" bw="64" slack="0"/>
</pin_list>
<bind>
<opcode="bitconcatenate(1004) " fcode="bitconcatenate"/>
<opset="tmp_21/1 "/>
</bind>
</comp>

<comp id="343" class="1004" name="tmp_22_fu_343">
<pin_list>
<pin id="344" dir="0" index="0" bw="7" slack="0"/>
<pin id="345" dir="0" index="1" bw="3" slack="0"/>
<pin id="346" dir="1" index="2" bw="7" slack="0"/>
</pin_list>
<bind>
<opcode="or(24) " fcode="or"/>
<opset="tmp_22/1 "/>
</bind>
</comp>

<comp id="349" class="1004" name="tmp_23_fu_349">
<pin_list>
<pin id="350" dir="0" index="0" bw="64" slack="0"/>
<pin id="351" dir="0" index="1" bw="1" slack="0"/>
<pin id="352" dir="0" index="2" bw="7" slack="0"/>
<pin id="353" dir="1" index="3" bw="64" slack="0"/>
</pin_list>
<bind>
<opcode="bitconcatenate(1004) " fcode="bitconcatenate"/>
<opset="tmp_23/1 "/>
</bind>
</comp>

<comp id="358" class="1004" name="tmp_24_fu_358">
<pin_list>
<pin id="359" dir="0" index="0" bw="7" slack="0"/>
<pin id="360" dir="0" index="1" bw="4" slack="0"/>
<pin id="361" dir="1" index="2" bw="7" slack="0"/>
</pin_list>
<bind>
<opcode="or(24) " fcode="or"/>
<opset="tmp_24/1 "/>
</bind>
</comp>

<comp id="364" class="1004" name="tmp_25_fu_364">
<pin_list>
<pin id="365" dir="0" index="0" bw="64" slack="0"/>
<pin id="366" dir="0" index="1" bw="1" slack="0"/>
<pin id="367" dir="0" index="2" bw="7" slack="0"/>
<pin id="368" dir="1" index="3" bw="64" slack="0"/>
</pin_list>
<bind>
<opcode="bitconcatenate(1004) " fcode="bitconcatenate"/>
<opset="tmp_25/1 "/>
</bind>
</comp>

<comp id="373" class="1004" name="tmp_26_fu_373">
<pin_list>
<pin id="374" dir="0" index="0" bw="7" slack="0"/>
<pin id="375" dir="0" index="1" bw="4" slack="0"/>
<pin id="376" dir="1" index="2" bw="7" slack="0"/>
</pin_list>
<bind>
<opcode="or(24) " fcode="or"/>
<opset="tmp_26/1 "/>
</bind>
</comp>

<comp id="379" class="1004" name="tmp_27_fu_379">
<pin_list>
<pin id="380" dir="0" index="0" bw="64" slack="0"/>
<pin id="381" dir="0" index="1" bw="1" slack="0"/>
<pin id="382" dir="0" index="2" bw="7" slack="0"/>
<pin id="383" dir="1" index="3" bw="64" slack="0"/>
</pin_list>
<bind>
<opcode="bitconcatenate(1004) " fcode="bitconcatenate"/>
<opset="tmp_27/1 "/>
</bind>
</comp>

<comp id="388" class="1004" name="tmp_28_fu_388">
<pin_list>
<pin id="389" dir="0" index="0" bw="7" slack="0"/>
<pin id="390" dir="0" index="1" bw="4" slack="0"/>
<pin id="391" dir="1" index="2" bw="7" slack="0"/>
</pin_list>
<bind>
<opcode="or(24) " fcode="or"/>
<opset="tmp_28/1 "/>
</bind>
</comp>

<comp id="394" class="1004" name="tmp_29_fu_394">
<pin_list>
<pin id="395" dir="0" index="0" bw="64" slack="0"/>
<pin id="396" dir="0" index="1" bw="1" slack="0"/>
<pin id="397" dir="0" index="2" bw="7" slack="0"/>
<pin id="398" dir="1" index="3" bw="64" slack="0"/>
</pin_list>
<bind>
<opcode="bitconcatenate(1004) " fcode="bitconcatenate"/>
<opset="tmp_29/1 "/>
</bind>
</comp>

<comp id="403" class="1004" name="tmp_30_fu_403">
<pin_list>
<pin id="404" dir="0" index="0" bw="7" slack="0"/>
<pin id="405" dir="0" index="1" bw="4" slack="0"/>
<pin id="406" dir="1" index="2" bw="7" slack="0"/>
</pin_list>
<bind>
<opcode="or(24) " fcode="or"/>
<opset="tmp_30/1 "/>
</bind>
</comp>

<comp id="409" class="1004" name="tmp_31_fu_409">
<pin_list>
<pin id="410" dir="0" index="0" bw="64" slack="0"/>
<pin id="411" dir="0" index="1" bw="1" slack="0"/>
<pin id="412" dir="0" index="2" bw="7" slack="0"/>
<pin id="413" dir="1" index="3" bw="64" slack="0"/>
</pin_list>
<bind>
<opcode="bitconcatenate(1004) " fcode="bitconcatenate"/>
<opset="tmp_31/1 "/>
</bind>
</comp>

<comp id="418" class="1004" name="tmp_fu_418">
<pin_list>
<pin id="419" dir="0" index="0" bw="4" slack="0"/>
<pin id="420" dir="0" index="1" bw="4" slack="0"/>
<pin id="421" dir="1" index="2" bw="1" slack="1"/>
</pin_list>
<bind>
<opcode="icmp(45) " fcode="icmp"/>
<opset="tmp/2 "/>
</bind>
</comp>

<comp id="424" class="1004" name="k_1_fu_424">
<pin_list>
<pin id="425" dir="0" index="0" bw="4" slack="0"/>
<pin id="426" dir="0" index="1" bw="1" slack="0"/>
<pin id="427" dir="1" index="2" bw="4" slack="0"/>
</pin_list>
<bind>
<opcode="add(8) " fcode="add"/>
<opset="k_1/2 "/>
</bind>
</comp>

<comp id="430" class="1004" name="tmp_s_fu_430">
<pin_list>
<pin id="431" dir="0" index="0" bw="4" slack="0"/>
<pin id="432" dir="1" index="1" bw="64" slack="0"/>
</pin_list>
<bind>
<opcode="zext(34) " fcode="zext"/>
<opset="tmp_s/2 "/>
</bind>
</comp>

<comp id="436" class="1004" name="tmp_cast_fu_436">
<pin_list>
<pin id="437" dir="0" index="0" bw="4" slack="0"/>
<pin id="438" dir="1" index="1" bw="8" slack="0"/>
</pin_list>
<bind>
<opcode="zext(34) " fcode="zext"/>
<opset="tmp_cast/2 "/>
</bind>
</comp>

<comp id="440" class="1004" name="tmp_32_fu_440">
<pin_list>
<pin id="441" dir="0" index="0" bw="7" slack="1"/>
<pin id="442" dir="0" index="1" bw="4" slack="0"/>
<pin id="443" dir="1" index="2" bw="8" slack="7"/>
</pin_list>
<bind>
<opcode="add(8) " fcode="add"/>
<opset="tmp_32/2 "/>
</bind>
</comp>

<comp id="445" class="1004" name="coeff_1_cast_fu_445">
<pin_list>
<pin id="446" dir="0" index="0" bw="15" slack="1"/>
<pin id="447" dir="1" index="1" bw="29" slack="0"/>
</pin_list>
<bind>
<opcode="sext(35) " fcode="sext"/>
<opset="coeff_1_cast/4 "/>
</bind>
</comp>

<comp id="448" class="1004" name="tmp_17_1_cast_fu_448">
<pin_list>
<pin id="449" dir="0" index="0" bw="16" slack="1"/>
<pin id="450" dir="1" index="1" bw="29" slack="0"/>
</pin_list>
<bind>
<opcode="sext(35) " fcode="sext"/>
<opset="tmp_17_1_cast/4 "/>
</bind>
</comp>

<comp id="452" class="1004" name="coeff_3_cast_fu_452">
<pin_list>
<pin id="453" dir="0" index="0" bw="15" slack="1"/>
<pin id="454" dir="1" index="1" bw="29" slack="0"/>
</pin_list>
<bind>
<opcode="sext(35) " fcode="sext"/>
<opset="coeff_3_cast/4 "/>
</bind>
</comp>

<comp id="455" class="1004" name="tmp_17_3_cast_fu_455">
<pin_list>
<pin id="456" dir="0" index="0" bw="16" slack="1"/>
<pin id="457" dir="1" index="1" bw="29" slack="0"/>
</pin_list>
<bind>
<opcode="sext(35) " fcode="sext"/>
<opset="tmp_17_3_cast/4 "/>
</bind>
</comp>

<comp id="459" class="1004" name="coeff_cast_fu_459">
<pin_list>
<pin id="460" dir="0" index="0" bw="14" slack="1"/>
<pin id="461" dir="1" index="1" bw="29" slack="0"/>
</pin_list>
<bind>
<opcode="zext(34) " fcode="zext"/>
<opset="coeff_cast/5 "/>
</bind>
</comp>

<comp id="462" class="1004" name="tmp_16_cast_fu_462">
<pin_list>
<pin id="463" dir="0" index="0" bw="16" slack="1"/>
<pin id="464" dir="1" index="1" bw="29" slack="0"/>
</pin_list>
<bind>
<opcode="sext(35) " fcode="sext"/>
<opset="tmp_16_cast/5 "/>
</bind>
</comp>

<comp id="466" class="1004" name="coeff_5_cast_fu_466">
<pin_list>
<pin id="467" dir="0" index="0" bw="15" slack="1"/>
<pin id="468" dir="1" index="1" bw="29" slack="0"/>
</pin_list>
<bind>
<opcode="sext(35) " fcode="sext"/>
<opset="coeff_5_cast/5 "/>
</bind>
</comp>

<comp id="469" class="1004" name="tmp_17_5_cast_fu_469">
<pin_list>
<pin id="470" dir="0" index="0" bw="16" slack="1"/>
<pin id="471" dir="1" index="1" bw="29" slack="0"/>
</pin_list>
<bind>
<opcode="sext(35) " fcode="sext"/>
<opset="tmp_17_5_cast/5 "/>
</bind>
</comp>

<comp id="473" class="1004" name="coeff_2_cast_fu_473">
<pin_list>
<pin id="474" dir="0" index="0" bw="15" slack="2"/>
<pin id="475" dir="1" index="1" bw="29" slack="0"/>
</pin_list>
<bind>
<opcode="sext(35) " fcode="sext"/>
<opset="coeff_2_cast/6 "/>
</bind>
</comp>

<comp id="476" class="1004" name="tmp_17_2_cast_fu_476">
<pin_list>
<pin id="477" dir="0" index="0" bw="16" slack="1"/>
<pin id="478" dir="1" index="1" bw="29" slack="0"/>
</pin_list>
<bind>
<opcode="sext(35) " fcode="sext"/>
<opset="tmp_17_2_cast/6 "/>
</bind>
</comp>

<comp id="480" class="1004" name="coeff_4_cast_fu_480">
<pin_list>
<pin id="481" dir="0" index="0" bw="15" slack="2"/>
<pin id="482" dir="1" index="1" bw="29" slack="0"/>
</pin_list>
<bind>
<opcode="sext(35) " fcode="sext"/>
<opset="coeff_4_cast/6 "/>
</bind>
</comp>

<comp id="483" class="1004" name="tmp_17_4_cast_fu_483">
<pin_list>
<pin id="484" dir="0" index="0" bw="16" slack="1"/>
<pin id="485" dir="1" index="1" bw="29" slack="0"/>
</pin_list>
<bind>
<opcode="sext(35) " fcode="sext"/>
<opset="tmp_17_4_cast/6 "/>
</bind>
</comp>

<comp id="487" class="1004" name="tmp1_fu_487">
<pin_list>
<pin id="488" dir="0" index="0" bw="29" slack="1"/>
<pin id="489" dir="0" index="1" bw="29" slack="0"/>
<pin id="490" dir="1" index="2" bw="29" slack="2"/>
</pin_list>
<bind>
<opcode="add(8) " fcode="add"/>
<opset="tmp1/6 "/>
</bind>
</comp>

<comp id="491" class="1004" name="coeff_6_cast_fu_491">
<pin_list>
<pin id="492" dir="0" index="0" bw="15" slack="3"/>
<pin id="493" dir="1" index="1" bw="29" slack="0"/>
</pin_list>
<bind>
<opcode="sext(35) " fcode="sext"/>
<opset="coeff_6_cast/7 "/>
</bind>
</comp>

<comp id="494" class="1004" name="tmp_17_6_cast_fu_494">
<pin_list>
<pin id="495" dir="0" index="0" bw="16" slack="1"/>
<pin id="496" dir="1" index="1" bw="29" slack="0"/>
</pin_list>
<bind>
<opcode="sext(35) " fcode="sext"/>
<opset="tmp_17_6_cast/7 "/>
</bind>
</comp>

<comp id="498" class="1004" name="coeff_7_cast_fu_498">
<pin_list>
<pin id="499" dir="0" index="0" bw="15" slack="3"/>
<pin id="500" dir="1" index="1" bw="29" slack="0"/>
</pin_list>
<bind>
<opcode="sext(35) " fcode="sext"/>
<opset="coeff_7_cast/7 "/>
</bind>
</comp>

<comp id="501" class="1004" name="tmp_17_7_cast_fu_501">
<pin_list>
<pin id="502" dir="0" index="0" bw="16" slack="1"/>
<pin id="503" dir="1" index="1" bw="29" slack="0"/>
</pin_list>
<bind>
<opcode="sext(35) " fcode="sext"/>
<opset="tmp_17_7_cast/7 "/>
</bind>
</comp>

<comp id="505" class="1004" name="tmp4_fu_505">
<pin_list>
<pin id="506" dir="0" index="0" bw="29" slack="2"/>
<pin id="507" dir="0" index="1" bw="29" slack="1"/>
<pin id="508" dir="1" index="2" bw="29" slack="0"/>
</pin_list>
<bind>
<opcode="add(8) " fcode="add"/>
<opset="tmp4/8 "/>
</bind>
</comp>

<comp id="509" class="1004" name="tmp_11_fu_509">
<pin_list>
<pin id="510" dir="0" index="0" bw="29" slack="2"/>
<pin id="511" dir="0" index="1" bw="29" slack="0"/>
<pin id="512" dir="1" index="2" bw="29" slack="0"/>
</pin_list>
<bind>
<opcode="add(8) " fcode="add"/>
<opset="tmp_11/8 "/>
</bind>
</comp>

<comp id="514" class="1004" name="tmp_13_fu_514">
<pin_list>
<pin id="515" dir="0" index="0" bw="16" slack="0"/>
<pin id="516" dir="0" index="1" bw="29" slack="0"/>
<pin id="517" dir="0" index="2" bw="5" slack="0"/>
<pin id="518" dir="0" index="3" bw="6" slack="0"/>
<pin id="519" dir="1" index="4" bw="16" slack="1"/>
</pin_list>
<bind>
<opcode="partselect(1002) " fcode="partselect"/>
<opset="tmp_13/8 "/>
</bind>
</comp>

<comp id="524" class="1004" name="tmp_38_cast_fu_524">
<pin_list>
<pin id="525" dir="0" index="0" bw="8" slack="7"/>
<pin id="526" dir="1" index="1" bw="64" slack="0"/>
</pin_list>
<bind>
<opcode="zext(34) " fcode="zext"/>
<opset="tmp_38_cast/9 "/>
</bind>
</comp>

<comp id="528" class="1007" name="tmp_18_1_fu_528">
<pin_list>
<pin id="529" dir="0" index="0" bw="16" slack="0"/>
<pin id="530" dir="0" index="1" bw="15" slack="0"/>
<pin id="531" dir="1" index="2" bw="29" slack="1"/>
</pin_list>
<bind>
<opcode="mul(12) " fcode="mul"/>
<opset="tmp_18_1/4 "/>
</bind>
</comp>

<comp id="534" class="1007" name="tmp_18_3_fu_534">
<pin_list>
<pin id="535" dir="0" index="0" bw="16" slack="0"/>
<pin id="536" dir="0" index="1" bw="15" slack="0"/>
<pin id="537" dir="1" index="2" bw="29" slack="2"/>
</pin_list>
<bind>
<opcode="mul(12) " fcode="mul"/>
<opset="tmp_18_3/4 "/>
</bind>
</comp>

<comp id="540" class="1007" name="grp_fu_540">
<pin_list>
<pin id="541" dir="0" index="0" bw="16" slack="0"/>
<pin id="542" dir="0" index="1" bw="14" slack="0"/>
<pin id="543" dir="0" index="2" bw="29" slack="2147483647"/>
<pin id="544" dir="1" index="3" bw="29" slack="1"/>
</pin_list>
<bind>
<opcode="muladd(1172) " fcode="muladd"/>
<opset="tmp_14/5 tmp2/5 "/>
</bind>
</comp>

<comp id="547" class="1007" name="tmp_18_5_fu_547">
<pin_list>
<pin id="548" dir="0" index="0" bw="16" slack="0"/>
<pin id="549" dir="0" index="1" bw="15" slack="0"/>
<pin id="550" dir="1" index="2" bw="29" slack="1"/>
</pin_list>
<bind>
<opcode="mul(12) " fcode="mul"/>
<opset="tmp_18_5/5 "/>
</bind>
</comp>

<comp id="553" class="1007" name="grp_fu_553">
<pin_list>
<pin id="554" dir="0" index="0" bw="16" slack="0"/>
<pin id="555" dir="0" index="1" bw="15" slack="0"/>
<pin id="556" dir="0" index="2" bw="29" slack="2147483647"/>
<pin id="557" dir="1" index="3" bw="29" slack="0"/>
</pin_list>
<bind>
<opcode="muladd(1172) " fcode="muladd"/>
<opset="tmp_18_2/6 tmp3/6 "/>
</bind>
</comp>

<comp id="561" class="1007" name="grp_fu_561">
<pin_list>
<pin id="562" dir="0" index="0" bw="16" slack="0"/>
<pin id="563" dir="0" index="1" bw="15" slack="0"/>
<pin id="564" dir="0" index="2" bw="29" slack="2147483647"/>
<pin id="565" dir="1" index="3" bw="29" slack="2"/>
</pin_list>
<bind>
<opcode="muladd(1172) " fcode="muladd"/>
<opset="tmp_18_4/6 tmp5/6 "/>
</bind>
</comp>

<comp id="568" class="1007" name="grp_fu_568">
<pin_list>
<pin id="569" dir="0" index="0" bw="16" slack="0"/>
<pin id="570" dir="0" index="1" bw="15" slack="0"/>
<pin id="571" dir="0" index="2" bw="29" slack="2147483647"/>
<pin id="572" dir="1" index="3" bw="29" slack="1"/>
</pin_list>
<bind>
<opcode="muladd(1172) " fcode="muladd"/>
<opset="tmp_18_6/7 tmp6/7 "/>
</bind>
</comp>

<comp id="575" class="1007" name="grp_fu_575">
<pin_list>
<pin id="576" dir="0" index="0" bw="16" slack="0"/>
<pin id="577" dir="0" index="1" bw="15" slack="0"/>
<pin id="578" dir="0" index="2" bw="29" slack="0"/>
<pin id="579" dir="1" index="3" bw="29" slack="0"/>
</pin_list>
<bind>
<opcode="muladd(1172) " fcode="muladd"/>
<opset="tmp_18_7/7 tmp7/7 "/>
</bind>
</comp>

<comp id="584" class="1005" name="tmp_21_cast_reg_584">
<pin_list>
<pin id="585" dir="0" index="0" bw="8" slack="1"/>
<pin id="586" dir="1" index="1" bw="8" slack="1"/>
</pin_list>
<bind>
<opset="tmp_21_cast "/>
</bind>
</comp>

<comp id="589" class="1005" name="src_addr_reg_589">
<pin_list>
<pin id="590" dir="0" index="0" bw="6" slack="2"/>
<pin id="591" dir="1" index="1" bw="6" slack="2"/>
</pin_list>
<bind>
<opset="src_addr "/>
</bind>
</comp>

<comp id="594" class="1005" name="src_addr_1_reg_594">
<pin_list>
<pin id="595" dir="0" index="0" bw="6" slack="1"/>
<pin id="596" dir="1" index="1" bw="6" slack="1"/>
</pin_list>
<bind>
<opset="src_addr_1 "/>
</bind>
</comp>

<comp id="599" class="1005" name="src_addr_2_reg_599">
<pin_list>
<pin id="600" dir="0" index="0" bw="6" slack="3"/>
<pin id="601" dir="1" index="1" bw="6" slack="3"/>
</pin_list>
<bind>
<opset="src_addr_2 "/>
</bind>
</comp>

<comp id="604" class="1005" name="src_addr_3_reg_604">
<pin_list>
<pin id="605" dir="0" index="0" bw="6" slack="1"/>
<pin id="606" dir="1" index="1" bw="6" slack="1"/>
</pin_list>
<bind>
<opset="src_addr_3 "/>
</bind>
</comp>

<comp id="609" class="1005" name="src_addr_4_reg_609">
<pin_list>
<pin id="610" dir="0" index="0" bw="6" slack="3"/>
<pin id="611" dir="1" index="1" bw="6" slack="3"/>
</pin_list>
<bind>
<opset="src_addr_4 "/>
</bind>
</comp>

<comp id="614" class="1005" name="src_addr_5_reg_614">
<pin_list>
<pin id="615" dir="0" index="0" bw="6" slack="2"/>
<pin id="616" dir="1" index="1" bw="6" slack="2"/>
</pin_list>
<bind>
<opset="src_addr_5 "/>
</bind>
</comp>

<comp id="619" class="1005" name="src_addr_6_reg_619">
<pin_list>
<pin id="620" dir="0" index="0" bw="6" slack="4"/>
<pin id="621" dir="1" index="1" bw="6" slack="4"/>
</pin_list>
<bind>
<opset="src_addr_6 "/>
</bind>
</comp>

<comp id="624" class="1005" name="src_addr_7_reg_624">
<pin_list>
<pin id="625" dir="0" index="0" bw="6" slack="4"/>
<pin id="626" dir="1" index="1" bw="6" slack="4"/>
</pin_list>
<bind>
<opset="src_addr_7 "/>
</bind>
</comp>

<comp id="629" class="1005" name="tmp_reg_629">
<pin_list>
<pin id="630" dir="0" index="0" bw="1" slack="1"/>
<pin id="631" dir="1" index="1" bw="1" slack="2147483647"/>
</pin_list>
<bind>
<opset="tmp "/>
</bind>
</comp>

<comp id="633" class="1005" name="k_1_reg_633">
<pin_list>
<pin id="634" dir="0" index="0" bw="4" slack="0"/>
<pin id="635" dir="1" index="1" bw="4" slack="0"/>
</pin_list>
<bind>
<opset="k_1 "/>
</bind>
</comp>

<comp id="638" class="1005" name="tmp_s_reg_638">
<pin_list>
<pin id="639" dir="0" index="0" bw="64" slack="1"/>
<pin id="640" dir="1" index="1" bw="64" slack="1"/>
</pin_list>
<bind>
<opset="tmp_s "/>
</bind>
</comp>

<comp id="648" class="1005" name="tmp_32_reg_648">
<pin_list>
<pin id="649" dir="0" index="0" bw="8" slack="7"/>
<pin id="650" dir="1" index="1" bw="8" slack="7"/>
</pin_list>
<bind>
<opset="tmp_32 "/>
</bind>
</comp>

<comp id="653" class="1005" name="dct_coeff_table_1_ad_reg_653">
<pin_list>
<pin id="654" dir="0" index="0" bw="3" slack="1"/>
<pin id="655" dir="1" index="1" bw="3" slack="1"/>
</pin_list>
<bind>
<opset="dct_coeff_table_1_ad "/>
</bind>
</comp>

<comp id="658" class="1005" name="dct_coeff_table_3_ad_reg_658">
<pin_list>
<pin id="659" dir="0" index="0" bw="3" slack="1"/>
<pin id="660" dir="1" index="1" bw="3" slack="1"/>
</pin_list>
<bind>
<opset="dct_coeff_table_3_ad "/>
</bind>
</comp>

<comp id="663" class="1005" name="dct_coeff_table_0_ad_reg_663">
<pin_list>
<pin id="664" dir="0" index="0" bw="3" slack="1"/>
<pin id="665" dir="1" index="1" bw="3" slack="1"/>
</pin_list>
<bind>
<opset="dct_coeff_table_0_ad "/>
</bind>
</comp>

<comp id="668" class="1005" name="dct_coeff_table_1_lo_reg_668">
<pin_list>
<pin id="669" dir="0" index="0" bw="15" slack="1"/>
<pin id="670" dir="1" index="1" bw="15" slack="1"/>
</pin_list>
<bind>
<opset="dct_coeff_table_1_lo "/>
</bind>
</comp>

<comp id="673" class="1005" name="dct_coeff_table_2_ad_reg_673">
<pin_list>
<pin id="674" dir="0" index="0" bw="3" slack="1"/>
<pin id="675" dir="1" index="1" bw="3" slack="1"/>
</pin_list>
<bind>
<opset="dct_coeff_table_2_ad "/>
</bind>
</comp>

<comp id="678" class="1005" name="dct_coeff_table_3_lo_reg_678">
<pin_list>
<pin id="679" dir="0" index="0" bw="15" slack="1"/>
<pin id="680" dir="1" index="1" bw="15" slack="1"/>
</pin_list>
<bind>
<opset="dct_coeff_table_3_lo "/>
</bind>
</comp>

<comp id="683" class="1005" name="dct_coeff_table_4_ad_reg_683">
<pin_list>
<pin id="684" dir="0" index="0" bw="3" slack="1"/>
<pin id="685" dir="1" index="1" bw="3" slack="1"/>
</pin_list>
<bind>
<opset="dct_coeff_table_4_ad "/>
</bind>
</comp>

<comp id="688" class="1005" name="dct_coeff_table_5_ad_reg_688">
<pin_list>
<pin id="689" dir="0" index="0" bw="3" slack="1"/>
<pin id="690" dir="1" index="1" bw="3" slack="1"/>
</pin_list>
<bind>
<opset="dct_coeff_table_5_ad "/>
</bind>
</comp>

<comp id="693" class="1005" name="dct_coeff_table_6_ad_reg_693">
<pin_list>
<pin id="694" dir="0" index="0" bw="3" slack="1"/>
<pin id="695" dir="1" index="1" bw="3" slack="1"/>
</pin_list>
<bind>
<opset="dct_coeff_table_6_ad "/>
</bind>
</comp>

<comp id="698" class="1005" name="dct_coeff_table_7_ad_reg_698">
<pin_list>
<pin id="699" dir="0" index="0" bw="3" slack="1"/>
<pin id="700" dir="1" index="1" bw="3" slack="1"/>
</pin_list>
<bind>
<opset="dct_coeff_table_7_ad "/>
</bind>
</comp>

<comp id="703" class="1005" name="dct_coeff_table_0_lo_reg_703">
<pin_list>
<pin id="704" dir="0" index="0" bw="14" slack="1"/>
<pin id="705" dir="1" index="1" bw="14" slack="1"/>
</pin_list>
<bind>
<opset="dct_coeff_table_0_lo "/>
</bind>
</comp>

<comp id="708" class="1005" name="tmp_18_1_reg_708">
<pin_list>
<pin id="709" dir="0" index="0" bw="29" slack="1"/>
<pin id="710" dir="1" index="1" bw="29" slack="1"/>
</pin_list>
<bind>
<opset="tmp_18_1 "/>
</bind>
</comp>

<comp id="713" class="1005" name="dct_coeff_table_2_lo_reg_713">
<pin_list>
<pin id="714" dir="0" index="0" bw="15" slack="2"/>
<pin id="715" dir="1" index="1" bw="15" slack="2"/>
</pin_list>
<bind>
<opset="dct_coeff_table_2_lo "/>
</bind>
</comp>

<comp id="718" class="1005" name="tmp_18_3_reg_718">
<pin_list>
<pin id="719" dir="0" index="0" bw="29" slack="2"/>
<pin id="720" dir="1" index="1" bw="29" slack="2"/>
</pin_list>
<bind>
<opset="tmp_18_3 "/>
</bind>
</comp>

<comp id="723" class="1005" name="dct_coeff_table_4_lo_reg_723">
<pin_list>
<pin id="724" dir="0" index="0" bw="15" slack="2"/>
<pin id="725" dir="1" index="1" bw="15" slack="2"/>
</pin_list>
<bind>
<opset="dct_coeff_table_4_lo "/>
</bind>
</comp>

<comp id="728" class="1005" name="dct_coeff_table_5_lo_reg_728">
<pin_list>
<pin id="729" dir="0" index="0" bw="15" slack="1"/>
<pin id="730" dir="1" index="1" bw="15" slack="1"/>
</pin_list>
<bind>
<opset="dct_coeff_table_5_lo "/>
</bind>
</comp>

<comp id="733" class="1005" name="dct_coeff_table_6_lo_reg_733">
<pin_list>
<pin id="734" dir="0" index="0" bw="15" slack="3"/>
<pin id="735" dir="1" index="1" bw="15" slack="3"/>
</pin_list>
<bind>
<opset="dct_coeff_table_6_lo "/>
</bind>
</comp>

<comp id="738" class="1005" name="dct_coeff_table_7_lo_reg_738">
<pin_list>
<pin id="739" dir="0" index="0" bw="15" slack="3"/>
<pin id="740" dir="1" index="1" bw="15" slack="3"/>
</pin_list>
<bind>
<opset="dct_coeff_table_7_lo "/>
</bind>
</comp>

<comp id="743" class="1005" name="tmp_18_5_reg_743">
<pin_list>
<pin id="744" dir="0" index="0" bw="29" slack="1"/>
<pin id="745" dir="1" index="1" bw="29" slack="1"/>
</pin_list>
<bind>
<opset="tmp_18_5 "/>
</bind>
</comp>

<comp id="748" class="1005" name="tmp2_reg_748">
<pin_list>
<pin id="749" dir="0" index="0" bw="29" slack="1"/>
<pin id="750" dir="1" index="1" bw="29" slack="1"/>
</pin_list>
<bind>
<opset="tmp2 "/>
</bind>
</comp>

<comp id="753" class="1005" name="tmp1_reg_753">
<pin_list>
<pin id="754" dir="0" index="0" bw="29" slack="2"/>
<pin id="755" dir="1" index="1" bw="29" slack="2"/>
</pin_list>
<bind>
<opset="tmp1 "/>
</bind>
</comp>

<comp id="758" class="1005" name="tmp5_reg_758">
<pin_list>
<pin id="759" dir="0" index="0" bw="29" slack="2"/>
<pin id="760" dir="1" index="1" bw="29" slack="2"/>
</pin_list>
<bind>
<opset="tmp5 "/>
</bind>
</comp>

<comp id="763" class="1005" name="tmp6_reg_763">
<pin_list>
<pin id="764" dir="0" index="0" bw="29" slack="1"/>
<pin id="765" dir="1" index="1" bw="29" slack="1"/>
</pin_list>
<bind>
<opset="tmp6 "/>
</bind>
</comp>

<comp id="768" class="1005" name="tmp_13_reg_768">
<pin_list>
<pin id="769" dir="0" index="0" bw="16" slack="1"/>
<pin id="770" dir="1" index="1" bw="16" slack="1"/>
</pin_list>
<bind>
<opset="tmp_13 "/>
</bind>
</comp>

</comp_list>

<net_list>
<net id="90"><net_src comp="24" pin="0"/><net_sink comp="86" pin=0"/></net>

<net id="91"><net_src comp="6" pin="0"/><net_sink comp="86" pin=1"/></net>

<net id="96"><net_src comp="24" pin="0"/><net_sink comp="92" pin=0"/></net>

<net id="97"><net_src comp="2" pin="0"/><net_sink comp="92" pin=1"/></net>

<net id="103"><net_src comp="0" pin="0"/><net_sink comp="98" pin=0"/></net>

<net id="104"><net_src comp="30" pin="0"/><net_sink comp="98" pin=1"/></net>

<net id="110"><net_src comp="0" pin="0"/><net_sink comp="105" pin=0"/></net>

<net id="111"><net_src comp="30" pin="0"/><net_sink comp="105" pin=1"/></net>

<net id="117"><net_src comp="0" pin="0"/><net_sink comp="112" pin=0"/></net>

<net id="118"><net_src comp="30" pin="0"/><net_sink comp="112" pin=1"/></net>

<net id="124"><net_src comp="0" pin="0"/><net_sink comp="119" pin=0"/></net>

<net id="125"><net_src comp="30" pin="0"/><net_sink comp="119" pin=1"/></net>

<net id="131"><net_src comp="0" pin="0"/><net_sink comp="126" pin=0"/></net>

<net id="132"><net_src comp="30" pin="0"/><net_sink comp="126" pin=1"/></net>

<net id="138"><net_src comp="0" pin="0"/><net_sink comp="133" pin=0"/></net>

<net id="139"><net_src comp="30" pin="0"/><net_sink comp="133" pin=1"/></net>

<net id="145"><net_src comp="0" pin="0"/><net_sink comp="140" pin=0"/></net>

<net id="146"><net_src comp="30" pin="0"/><net_sink comp="140" pin=1"/></net>

<net id="152"><net_src comp="0" pin="0"/><net_sink comp="147" pin=0"/></net>

<net id="153"><net_src comp="30" pin="0"/><net_sink comp="147" pin=1"/></net>

<net id="159"><net_src comp="10" pin="0"/><net_sink comp="154" pin=0"/></net>

<net id="160"><net_src comp="30" pin="0"/><net_sink comp="154" pin=1"/></net>

<net id="165"><net_src comp="154" pin="3"/><net_sink comp="161" pin=0"/></net>

<net id="175"><net_src comp="14" pin="0"/><net_sink comp="170" pin=0"/></net>

<net id="176"><net_src comp="30" pin="0"/><net_sink comp="170" pin=1"/></net>

<net id="181"><net_src comp="170" pin="3"/><net_sink comp="177" pin=0"/></net>

<net id="190"><net_src comp="8" pin="0"/><net_sink comp="185" pin=0"/></net>

<net id="191"><net_src comp="30" pin="0"/><net_sink comp="185" pin=1"/></net>

<net id="196"><net_src comp="185" pin="3"/><net_sink comp="192" pin=0"/></net>

<net id="202"><net_src comp="12" pin="0"/><net_sink comp="197" pin=0"/></net>

<net id="203"><net_src comp="30" pin="0"/><net_sink comp="197" pin=1"/></net>

<net id="208"><net_src comp="197" pin="3"/><net_sink comp="204" pin=0"/></net>

<net id="214"><net_src comp="16" pin="0"/><net_sink comp="209" pin=0"/></net>

<net id="215"><net_src comp="30" pin="0"/><net_sink comp="209" pin=1"/></net>

<net id="220"><net_src comp="209" pin="3"/><net_sink comp="216" pin=0"/></net>

<net id="226"><net_src comp="18" pin="0"/><net_sink comp="221" pin=0"/></net>

<net id="227"><net_src comp="30" pin="0"/><net_sink comp="221" pin=1"/></net>

<net id="232"><net_src comp="221" pin="3"/><net_sink comp="228" pin=0"/></net>

<net id="238"><net_src comp="20" pin="0"/><net_sink comp="233" pin=0"/></net>

<net id="239"><net_src comp="30" pin="0"/><net_sink comp="233" pin=1"/></net>

<net id="244"><net_src comp="233" pin="3"/><net_sink comp="240" pin=0"/></net>

<net id="250"><net_src comp="22" pin="0"/><net_sink comp="245" pin=0"/></net>

<net id="251"><net_src comp="30" pin="0"/><net_sink comp="245" pin=1"/></net>

<net id="256"><net_src comp="245" pin="3"/><net_sink comp="252" pin=0"/></net>

<net id="262"><net_src comp="4" pin="0"/><net_sink comp="257" pin=0"/></net>

<net id="263"><net_src comp="30" pin="0"/><net_sink comp="257" pin=1"/></net>

<net id="268"><net_src comp="257" pin="3"/><net_sink comp="264" pin=0"/></net>

<net id="272"><net_src comp="50" pin="0"/><net_sink comp="269" pin=0"/></net>

<net id="279"><net_src comp="269" pin="1"/><net_sink comp="273" pin=0"/></net>

<net id="283"><net_src comp="166" pin="2"/><net_sink comp="280" pin=0"/></net>

<net id="287"><net_src comp="166" pin="5"/><net_sink comp="284" pin=0"/></net>

<net id="293"><net_src comp="26" pin="0"/><net_sink comp="288" pin=0"/></net>

<net id="294"><net_src comp="86" pin="2"/><net_sink comp="288" pin=1"/></net>

<net id="295"><net_src comp="28" pin="0"/><net_sink comp="288" pin=2"/></net>

<net id="299"><net_src comp="288" pin="3"/><net_sink comp="296" pin=0"/></net>

<net id="305"><net_src comp="26" pin="0"/><net_sink comp="300" pin=0"/></net>

<net id="306"><net_src comp="92" pin="2"/><net_sink comp="300" pin=1"/></net>

<net id="307"><net_src comp="28" pin="0"/><net_sink comp="300" pin=2"/></net>

<net id="311"><net_src comp="300" pin="3"/><net_sink comp="308" pin=0"/></net>

<net id="312"><net_src comp="308" pin="1"/><net_sink comp="98" pin=2"/></net>

<net id="317"><net_src comp="300" pin="3"/><net_sink comp="313" pin=0"/></net>

<net id="318"><net_src comp="32" pin="0"/><net_sink comp="313" pin=1"/></net>

<net id="324"><net_src comp="34" pin="0"/><net_sink comp="319" pin=0"/></net>

<net id="325"><net_src comp="36" pin="0"/><net_sink comp="319" pin=1"/></net>

<net id="326"><net_src comp="313" pin="2"/><net_sink comp="319" pin=2"/></net>

<net id="327"><net_src comp="319" pin="3"/><net_sink comp="105" pin=2"/></net>

<net id="332"><net_src comp="300" pin="3"/><net_sink comp="328" pin=0"/></net>

<net id="333"><net_src comp="38" pin="0"/><net_sink comp="328" pin=1"/></net>

<net id="339"><net_src comp="34" pin="0"/><net_sink comp="334" pin=0"/></net>

<net id="340"><net_src comp="36" pin="0"/><net_sink comp="334" pin=1"/></net>

<net id="341"><net_src comp="328" pin="2"/><net_sink comp="334" pin=2"/></net>

<net id="342"><net_src comp="334" pin="3"/><net_sink comp="112" pin=2"/></net>

<net id="347"><net_src comp="300" pin="3"/><net_sink comp="343" pin=0"/></net>

<net id="348"><net_src comp="40" pin="0"/><net_sink comp="343" pin=1"/></net>

<net id="354"><net_src comp="34" pin="0"/><net_sink comp="349" pin=0"/></net>

<net id="355"><net_src comp="36" pin="0"/><net_sink comp="349" pin=1"/></net>

<net id="356"><net_src comp="343" pin="2"/><net_sink comp="349" pin=2"/></net>

<net id="357"><net_src comp="349" pin="3"/><net_sink comp="119" pin=2"/></net>

<net id="362"><net_src comp="300" pin="3"/><net_sink comp="358" pin=0"/></net>

<net id="363"><net_src comp="42" pin="0"/><net_sink comp="358" pin=1"/></net>

<net id="369"><net_src comp="34" pin="0"/><net_sink comp="364" pin=0"/></net>

<net id="370"><net_src comp="36" pin="0"/><net_sink comp="364" pin=1"/></net>

<net id="371"><net_src comp="358" pin="2"/><net_sink comp="364" pin=2"/></net>

<net id="372"><net_src comp="364" pin="3"/><net_sink comp="126" pin=2"/></net>

<net id="377"><net_src comp="300" pin="3"/><net_sink comp="373" pin=0"/></net>

<net id="378"><net_src comp="44" pin="0"/><net_sink comp="373" pin=1"/></net>

<net id="384"><net_src comp="34" pin="0"/><net_sink comp="379" pin=0"/></net>

<net id="385"><net_src comp="36" pin="0"/><net_sink comp="379" pin=1"/></net>

<net id="386"><net_src comp="373" pin="2"/><net_sink comp="379" pin=2"/></net>

<net id="387"><net_src comp="379" pin="3"/><net_sink comp="133" pin=2"/></net>

<net id="392"><net_src comp="300" pin="3"/><net_sink comp="388" pin=0"/></net>

<net id="393"><net_src comp="46" pin="0"/><net_sink comp="388" pin=1"/></net>

<net id="399"><net_src comp="34" pin="0"/><net_sink comp="394" pin=0"/></net>

<net id="400"><net_src comp="36" pin="0"/><net_sink comp="394" pin=1"/></net>

<net id="401"><net_src comp="388" pin="2"/><net_sink comp="394" pin=2"/></net>

<net id="402"><net_src comp="394" pin="3"/><net_sink comp="140" pin=2"/></net>

<net id="407"><net_src comp="300" pin="3"/><net_sink comp="403" pin=0"/></net>

<net id="408"><net_src comp="48" pin="0"/><net_sink comp="403" pin=1"/></net>

<net id="414"><net_src comp="34" pin="0"/><net_sink comp="409" pin=0"/></net>

<net id="415"><net_src comp="36" pin="0"/><net_sink comp="409" pin=1"/></net>

<net id="416"><net_src comp="403" pin="2"/><net_sink comp="409" pin=2"/></net>

<net id="417"><net_src comp="409" pin="3"/><net_sink comp="147" pin=2"/></net>

<net id="422"><net_src comp="273" pin="4"/><net_sink comp="418" pin=0"/></net>

<net id="423"><net_src comp="52" pin="0"/><net_sink comp="418" pin=1"/></net>

<net id="428"><net_src comp="273" pin="4"/><net_sink comp="424" pin=0"/></net>

<net id="429"><net_src comp="54" pin="0"/><net_sink comp="424" pin=1"/></net>

<net id="433"><net_src comp="273" pin="4"/><net_sink comp="430" pin=0"/></net>

<net id="434"><net_src comp="430" pin="1"/><net_sink comp="154" pin=2"/></net>

<net id="435"><net_src comp="430" pin="1"/><net_sink comp="170" pin=2"/></net>

<net id="439"><net_src comp="273" pin="4"/><net_sink comp="436" pin=0"/></net>

<net id="444"><net_src comp="436" pin="1"/><net_sink comp="440" pin=1"/></net>

<net id="451"><net_src comp="280" pin="1"/><net_sink comp="448" pin=0"/></net>

<net id="458"><net_src comp="284" pin="1"/><net_sink comp="455" pin=0"/></net>

<net id="465"><net_src comp="280" pin="1"/><net_sink comp="462" pin=0"/></net>

<net id="472"><net_src comp="284" pin="1"/><net_sink comp="469" pin=0"/></net>

<net id="479"><net_src comp="280" pin="1"/><net_sink comp="476" pin=0"/></net>

<net id="486"><net_src comp="284" pin="1"/><net_sink comp="483" pin=0"/></net>

<net id="497"><net_src comp="280" pin="1"/><net_sink comp="494" pin=0"/></net>

<net id="504"><net_src comp="284" pin="1"/><net_sink comp="501" pin=0"/></net>

<net id="513"><net_src comp="505" pin="2"/><net_sink comp="509" pin=1"/></net>

<net id="520"><net_src comp="58" pin="0"/><net_sink comp="514" pin=0"/></net>

<net id="521"><net_src comp="509" pin="2"/><net_sink comp="514" pin=1"/></net>

<net id="522"><net_src comp="60" pin="0"/><net_sink comp="514" pin=2"/></net>

<net id="523"><net_src comp="62" pin="0"/><net_sink comp="514" pin=3"/></net>

<net id="527"><net_src comp="524" pin="1"/><net_sink comp="257" pin=2"/></net>

<net id="532"><net_src comp="448" pin="1"/><net_sink comp="528" pin=0"/></net>

<net id="533"><net_src comp="445" pin="1"/><net_sink comp="528" pin=1"/></net>

<net id="538"><net_src comp="455" pin="1"/><net_sink comp="534" pin=0"/></net>

<net id="539"><net_src comp="452" pin="1"/><net_sink comp="534" pin=1"/></net>

<net id="545"><net_src comp="462" pin="1"/><net_sink comp="540" pin=0"/></net>

<net id="546"><net_src comp="459" pin="1"/><net_sink comp="540" pin=1"/></net>

<net id="551"><net_src comp="469" pin="1"/><net_sink comp="547" pin=0"/></net>

<net id="552"><net_src comp="466" pin="1"/><net_sink comp="547" pin=1"/></net>

<net id="558"><net_src comp="476" pin="1"/><net_sink comp="553" pin=0"/></net>

<net id="559"><net_src comp="473" pin="1"/><net_sink comp="553" pin=1"/></net>

<net id="560"><net_src comp="553" pin="3"/><net_sink comp="487" pin=1"/></net>

<net id="566"><net_src comp="483" pin="1"/><net_sink comp="561" pin=0"/></net>

<net id="567"><net_src comp="480" pin="1"/><net_sink comp="561" pin=1"/></net>

<net id="573"><net_src comp="494" pin="1"/><net_sink comp="568" pin=0"/></net>

<net id="574"><net_src comp="491" pin="1"/><net_sink comp="568" pin=1"/></net>

<net id="580"><net_src comp="501" pin="1"/><net_sink comp="575" pin=0"/></net>

<net id="581"><net_src comp="498" pin="1"/><net_sink comp="575" pin=1"/></net>

<net id="582"><net_src comp="56" pin="0"/><net_sink comp="575" pin=2"/></net>

<net id="583"><net_src comp="575" pin="3"/><net_sink comp="568" pin=1"/></net>

<net id="587"><net_src comp="296" pin="1"/><net_sink comp="584" pin=0"/></net>

<net id="588"><net_src comp="584" pin="1"/><net_sink comp="440" pin=0"/></net>

<net id="592"><net_src comp="98" pin="3"/><net_sink comp="589" pin=0"/></net>

<net id="593"><net_src comp="589" pin="1"/><net_sink comp="166" pin=0"/></net>

<net id="597"><net_src comp="105" pin="3"/><net_sink comp="594" pin=0"/></net>

<net id="598"><net_src comp="594" pin="1"/><net_sink comp="166" pin=0"/></net>

<net id="602"><net_src comp="112" pin="3"/><net_sink comp="599" pin=0"/></net>

<net id="603"><net_src comp="599" pin="1"/><net_sink comp="166" pin=0"/></net>

<net id="607"><net_src comp="119" pin="3"/><net_sink comp="604" pin=0"/></net>

<net id="608"><net_src comp="604" pin="1"/><net_sink comp="166" pin=3"/></net>

<net id="612"><net_src comp="126" pin="3"/><net_sink comp="609" pin=0"/></net>

<net id="613"><net_src comp="609" pin="1"/><net_sink comp="166" pin=3"/></net>

<net id="617"><net_src comp="133" pin="3"/><net_sink comp="614" pin=0"/></net>

<net id="618"><net_src comp="614" pin="1"/><net_sink comp="166" pin=3"/></net>

<net id="622"><net_src comp="140" pin="3"/><net_sink comp="619" pin=0"/></net>

<net id="623"><net_src comp="619" pin="1"/><net_sink comp="166" pin=0"/></net>

<net id="627"><net_src comp="147" pin="3"/><net_sink comp="624" pin=0"/></net>

<net id="628"><net_src comp="624" pin="1"/><net_sink comp="166" pin=3"/></net>

<net id="632"><net_src comp="418" pin="2"/><net_sink comp="629" pin=0"/></net>

<net id="636"><net_src comp="424" pin="2"/><net_sink comp="633" pin=0"/></net>

<net id="637"><net_src comp="633" pin="1"/><net_sink comp="273" pin=2"/></net>

<net id="641"><net_src comp="430" pin="1"/><net_sink comp="638" pin=0"/></net>

<net id="642"><net_src comp="638" pin="1"/><net_sink comp="185" pin=2"/></net>

<net id="643"><net_src comp="638" pin="1"/><net_sink comp="197" pin=2"/></net>

<net id="644"><net_src comp="638" pin="1"/><net_sink comp="209" pin=2"/></net>

<net id="645"><net_src comp="638" pin="1"/><net_sink comp="221" pin=2"/></net>

<net id="646"><net_src comp="638" pin="1"/><net_sink comp="233" pin=2"/></net>

<net id="647"><net_src comp="638" pin="1"/><net_sink comp="245" pin=2"/></net>

<net id="651"><net_src comp="440" pin="2"/><net_sink comp="648" pin=0"/></net>

<net id="652"><net_src comp="648" pin="1"/><net_sink comp="524" pin=0"/></net>

<net id="656"><net_src comp="154" pin="3"/><net_sink comp="653" pin=0"/></net>

<net id="657"><net_src comp="653" pin="1"/><net_sink comp="161" pin=0"/></net>

<net id="661"><net_src comp="170" pin="3"/><net_sink comp="658" pin=0"/></net>

<net id="662"><net_src comp="658" pin="1"/><net_sink comp="177" pin=0"/></net>

<net id="666"><net_src comp="185" pin="3"/><net_sink comp="663" pin=0"/></net>

<net id="667"><net_src comp="663" pin="1"/><net_sink comp="192" pin=0"/></net>

<net id="671"><net_src comp="161" pin="2"/><net_sink comp="668" pin=0"/></net>

<net id="672"><net_src comp="668" pin="1"/><net_sink comp="445" pin=0"/></net>

<net id="676"><net_src comp="197" pin="3"/><net_sink comp="673" pin=0"/></net>

<net id="677"><net_src comp="673" pin="1"/><net_sink comp="204" pin=0"/></net>

<net id="681"><net_src comp="177" pin="2"/><net_sink comp="678" pin=0"/></net>

<net id="682"><net_src comp="678" pin="1"/><net_sink comp="452" pin=0"/></net>

<net id="686"><net_src comp="209" pin="3"/><net_sink comp="683" pin=0"/></net>

<net id="687"><net_src comp="683" pin="1"/><net_sink comp="216" pin=0"/></net>

<net id="691"><net_src comp="221" pin="3"/><net_sink comp="688" pin=0"/></net>

<net id="692"><net_src comp="688" pin="1"/><net_sink comp="228" pin=0"/></net>

<net id="696"><net_src comp="233" pin="3"/><net_sink comp="693" pin=0"/></net>

<net id="697"><net_src comp="693" pin="1"/><net_sink comp="240" pin=0"/></net>

<net id="701"><net_src comp="245" pin="3"/><net_sink comp="698" pin=0"/></net>

<net id="702"><net_src comp="698" pin="1"/><net_sink comp="252" pin=0"/></net>

<net id="706"><net_src comp="192" pin="2"/><net_sink comp="703" pin=0"/></net>

<net id="707"><net_src comp="703" pin="1"/><net_sink comp="459" pin=0"/></net>

<net id="711"><net_src comp="528" pin="2"/><net_sink comp="708" pin=0"/></net>

<net id="712"><net_src comp="708" pin="1"/><net_sink comp="540" pin=0"/></net>

<net id="716"><net_src comp="204" pin="2"/><net_sink comp="713" pin=0"/></net>

<net id="717"><net_src comp="713" pin="1"/><net_sink comp="473" pin=0"/></net>

<net id="721"><net_src comp="534" pin="2"/><net_sink comp="718" pin=0"/></net>

<net id="722"><net_src comp="718" pin="1"/><net_sink comp="553" pin=0"/></net>

<net id="726"><net_src comp="216" pin="2"/><net_sink comp="723" pin=0"/></net>

<net id="727"><net_src comp="723" pin="1"/><net_sink comp="480" pin=0"/></net>

<net id="731"><net_src comp="228" pin="2"/><net_sink comp="728" pin=0"/></net>

<net id="732"><net_src comp="728" pin="1"/><net_sink comp="466" pin=0"/></net>

<net id="736"><net_src comp="240" pin="2"/><net_sink comp="733" pin=0"/></net>

<net id="737"><net_src comp="733" pin="1"/><net_sink comp="491" pin=0"/></net>

<net id="741"><net_src comp="252" pin="2"/><net_sink comp="738" pin=0"/></net>

<net id="742"><net_src comp="738" pin="1"/><net_sink comp="498" pin=0"/></net>

<net id="746"><net_src comp="547" pin="2"/><net_sink comp="743" pin=0"/></net>

<net id="747"><net_src comp="743" pin="1"/><net_sink comp="561" pin=0"/></net>

<net id="751"><net_src comp="540" pin="3"/><net_sink comp="748" pin=0"/></net>

<net id="752"><net_src comp="748" pin="1"/><net_sink comp="487" pin=0"/></net>

<net id="756"><net_src comp="487" pin="2"/><net_sink comp="753" pin=0"/></net>

<net id="757"><net_src comp="753" pin="1"/><net_sink comp="509" pin=0"/></net>

<net id="761"><net_src comp="561" pin="3"/><net_sink comp="758" pin=0"/></net>

<net id="762"><net_src comp="758" pin="1"/><net_sink comp="505" pin=0"/></net>

<net id="766"><net_src comp="568" pin="3"/><net_sink comp="763" pin=0"/></net>

<net id="767"><net_src comp="763" pin="1"/><net_sink comp="505" pin=1"/></net>

<net id="771"><net_src comp="514" pin="4"/><net_sink comp="768" pin=0"/></net>

<net id="772"><net_src comp="768" pin="1"/><net_sink comp="264" pin=1"/></net>

</net_list>

</model> 
---------------- Datapath Model END ------------------

* FSMD analyzer results:
  - Output states:
	Port: dst | {9 }
 - Input state : 
	Port: dct_1d2 : src | {2 3 4 5 6 }
	Port: dct_1d2 : tmp_6 | {1 }
	Port: dct_1d2 : tmp_61 | {1 }
	Port: dct_1d2 : dct_coeff_table_0 | {3 4 }
	Port: dct_1d2 : dct_coeff_table_1 | {2 3 }
	Port: dct_1d2 : dct_coeff_table_2 | {3 4 }
	Port: dct_1d2 : dct_coeff_table_3 | {2 3 }
	Port: dct_1d2 : dct_coeff_table_4 | {3 4 }
	Port: dct_1d2 : dct_coeff_table_5 | {3 4 }
	Port: dct_1d2 : dct_coeff_table_6 | {3 4 }
	Port: dct_1d2 : dct_coeff_table_7 | {3 4 }
  - Chain level:
	State 1
		tmp_21_cast : 1
		tmp_17 : 1
		src_addr : 2
		tmp_18 : 1
		tmp_19 : 1
		src_addr_1 : 2
		tmp_20 : 1
		tmp_21 : 1
		src_addr_2 : 2
		tmp_22 : 1
		tmp_23 : 1
		src_addr_3 : 2
		tmp_24 : 1
		tmp_25 : 1
		src_addr_4 : 2
		tmp_26 : 1
		tmp_27 : 1
		src_addr_5 : 2
		tmp_28 : 1
		tmp_29 : 1
		src_addr_6 : 2
		tmp_30 : 1
		tmp_31 : 1
		src_addr_7 : 2
	State 2
		tmp : 1
		k_1 : 1
		StgValue_43 : 2
		tmp_s : 1
		tmp_cast : 1
		tmp_32 : 2
		dct_coeff_table_1_ad : 2
		dct_coeff_table_1_lo : 3
		dct_coeff_table_3_ad : 2
		dct_coeff_table_3_lo : 3
	State 3
		dct_coeff_table_0_lo : 1
		dct_coeff_table_2_lo : 1
		dct_coeff_table_4_lo : 1
		dct_coeff_table_5_lo : 1
		dct_coeff_table_6_lo : 1
		dct_coeff_table_7_lo : 1
	State 4
		tmp_18_1 : 1
		tmp_18_3 : 1
	State 5
		tmp_14 : 1
		tmp_18_5 : 1
		tmp2 : 2
	State 6
		tmp_18_2 : 1
		tmp_18_4 : 1
		tmp3 : 2
		tmp1 : 3
		tmp5 : 2
	State 7
		tmp_18_6 : 1
		tmp_18_7 : 1
		tmp7 : 2
		tmp6 : 3
	State 8
		tmp_11 : 1
		tmp_13 : 2
	State 9
		dst_addr : 1
		StgValue_126 : 2
		empty_10 : 1
	State 10


============================================================
+ Verbose Summary: Datapath Resource usage 
============================================================

* Functional unit list:
|----------|------------------------|---------|---------|---------|
| Operation|     Functional Unit    |  DSP48E |    FF   |   LUT   |
|----------|------------------------|---------|---------|---------|
|          |       k_1_fu_424       |    0    |    0    |    13   |
|          |      tmp_32_fu_440     |    0    |    0    |    15   |
|    add   |       tmp1_fu_487      |    0    |    0    |    36   |
|          |       tmp4_fu_505      |    0    |    0    |    29   |
|          |      tmp_11_fu_509     |    0    |    0    |    29   |
|----------|------------------------|---------|---------|---------|
|          |       grp_fu_540       |    1    |    0    |    0    |
|          |       grp_fu_553       |    1    |    0    |    0    |
|  muladd  |       grp_fu_561       |    1    |    0    |    0    |
|          |       grp_fu_568       |    1    |    0    |    0    |
|          |       grp_fu_575       |    1    |    0    |    0    |
|----------|------------------------|---------|---------|---------|
|          |     tmp_18_1_fu_528    |    1    |    0    |    0    |
|    mul   |     tmp_18_3_fu_534    |    1    |    0    |    0    |
|          |     tmp_18_5_fu_547    |    1    |    0    |    0    |
|----------|------------------------|---------|---------|---------|
|   icmp   |       tmp_fu_418       |    0    |    0    |    2    |
|----------|------------------------|---------|---------|---------|
|   read   | tmp_61_read_read_fu_86 |    0    |    0    |    0    |
|          |  tmp_6_read_read_fu_92 |    0    |    0    |    0    |
|----------|------------------------|---------|---------|---------|
|          |      tmp_15_fu_288     |    0    |    0    |    0    |
|          |      tmp_16_fu_300     |    0    |    0    |    0    |
|          |      tmp_19_fu_319     |    0    |    0    |    0    |
|          |      tmp_21_fu_334     |    0    |    0    |    0    |
|bitconcatenate|      tmp_23_fu_349     |    0    |    0    |    0    |
|          |      tmp_25_fu_364     |    0    |    0    |    0    |
|          |      tmp_27_fu_379     |    0    |    0    |    0    |
|          |      tmp_29_fu_394     |    0    |    0    |    0    |
|          |      tmp_31_fu_409     |    0    |    0    |    0    |
|----------|------------------------|---------|---------|---------|
|          |   tmp_21_cast_fu_296   |    0    |    0    |    0    |
|          |      tmp_17_fu_308     |    0    |    0    |    0    |
|   zext   |      tmp_s_fu_430      |    0    |    0    |    0    |
|          |     tmp_cast_fu_436    |    0    |    0    |    0    |
|          |    coeff_cast_fu_459   |    0    |    0    |    0    |
|          |   tmp_38_cast_fu_524   |    0    |    0    |    0    |
|----------|------------------------|---------|---------|---------|
|          |      tmp_18_fu_313     |    0    |    0    |    0    |
|          |      tmp_20_fu_328     |    0    |    0    |    0    |
|          |      tmp_22_fu_343     |    0    |    0    |    0    |
|    or    |      tmp_24_fu_358     |    0    |    0    |    0    |
|          |      tmp_26_fu_373     |    0    |    0    |    0    |
|          |      tmp_28_fu_388     |    0    |    0    |    0    |
|          |      tmp_30_fu_403     |    0    |    0    |    0    |
|----------|------------------------|---------|---------|---------|
|          |   coeff_1_cast_fu_445  |    0    |    0    |    0    |
|          |  tmp_17_1_cast_fu_448  |    0    |    0    |    0    |
|          |   coeff_3_cast_fu_452  |    0    |    0    |    0    |
|          |  tmp_17_3_cast_fu_455  |    0    |    0    |    0    |
|          |   tmp_16_cast_fu_462   |    0    |    0    |    0    |
|          |   coeff_5_cast_fu_466  |    0    |    0    |    0    |
|          |  tmp_17_5_cast_fu_469  |    0    |    0    |    0    |
|   sext   |   coeff_2_cast_fu_473  |    0    |    0    |    0    |
|          |  tmp_17_2_cast_fu_476  |    0    |    0    |    0    |
|          |   coeff_4_cast_fu_480  |    0    |    0    |    0    |
|          |  tmp_17_4_cast_fu_483  |    0    |    0    |    0    |
|          |   coeff_6_cast_fu_491  |    0    |    0    |    0    |
|          |  tmp_17_6_cast_fu_494  |    0    |    0    |    0    |
|          |   coeff_7_cast_fu_498  |    0    |    0    |    0    |
|          |  tmp_17_7_cast_fu_501  |    0    |    0    |    0    |
|----------|------------------------|---------|---------|---------|
|partselect|      tmp_13_fu_514     |    0    |    0    |    0    |
|----------|------------------------|---------|---------|---------|
|   Total  |                        |    8    |    0    |   124   |
|----------|------------------------|---------|---------|---------|

Memories:
N/A

* Register list:
+----------------------------+--------+
|                            |   FF   |
+----------------------------+--------+
|dct_coeff_table_0_ad_reg_663|    3   |
|dct_coeff_table_0_lo_reg_703|   14   |
|dct_coeff_table_1_ad_reg_653|    3   |
|dct_coeff_table_1_lo_reg_668|   15   |
|dct_coeff_table_2_ad_reg_673|    3   |
|dct_coeff_table_2_lo_reg_713|   15   |
|dct_coeff_table_3_ad_reg_658|    3   |
|dct_coeff_table_3_lo_reg_678|   15   |
|dct_coeff_table_4_ad_reg_683|    3   |
|dct_coeff_table_4_lo_reg_723|   15   |
|dct_coeff_table_5_ad_reg_688|    3   |
|dct_coeff_table_5_lo_reg_728|   15   |
|dct_coeff_table_6_ad_reg_693|    3   |
|dct_coeff_table_6_lo_reg_733|   15   |
|dct_coeff_table_7_ad_reg_698|    3   |
|dct_coeff_table_7_lo_reg_738|   15   |
|         k_1_reg_633        |    4   |
|          k_reg_269         |    4   |
|           reg_280          |   16   |
|           reg_284          |   16   |
|     src_addr_1_reg_594     |    6   |
|     src_addr_2_reg_599     |    6   |
|     src_addr_3_reg_604     |    6   |
|     src_addr_4_reg_609     |    6   |
|     src_addr_5_reg_614     |    6   |
|     src_addr_6_reg_619     |    6   |
|     src_addr_7_reg_624     |    6   |
|      src_addr_reg_589      |    6   |
|        tmp1_reg_753        |   29   |
|        tmp2_reg_748        |   29   |
|        tmp5_reg_758        |   29   |
|        tmp6_reg_763        |   29   |
|       tmp_13_reg_768       |   16   |
|      tmp_18_1_reg_708      |   29   |
|      tmp_18_3_reg_718      |   29   |
|      tmp_18_5_reg_743      |   29   |
|     tmp_21_cast_reg_584    |    8   |
|       tmp_32_reg_648       |    8   |
|         tmp_reg_629        |    1   |
|        tmp_s_reg_638       |   64   |
+----------------------------+--------+
|            Total           |   531  |
+----------------------------+--------+

* Multiplexer (MUX) list: 
|-------------------|------|------|------|--------||---------||---------|
|        Comp       |  Pin | Size |  BW  | S x BW ||  Delay  ||   LUT   |
|-------------------|------|------|------|--------||---------||---------|
| grp_access_fu_161 |  p0  |   2  |   3  |    6   ||    9    |
| grp_access_fu_166 |  p0  |   4  |   6  |   24   ||    21   |
| grp_access_fu_166 |  p3  |   4  |   6  |   24   ||    21   |
| grp_access_fu_177 |  p0  |   2  |   3  |    6   ||    9    |
| grp_access_fu_192 |  p0  |   2  |   3  |    6   ||    9    |
| grp_access_fu_204 |  p0  |   2  |   3  |    6   ||    9    |
| grp_access_fu_216 |  p0  |   2  |   3  |    6   ||    9    |
| grp_access_fu_228 |  p0  |   2  |   3  |    6   ||    9    |
| grp_access_fu_240 |  p0  |   2  |   3  |    6   ||    9    |
| grp_access_fu_252 |  p0  |   2  |   3  |    6   ||    9    |
|     grp_fu_540    |  p0  |   2  |  16  |   32   ||    9    |
|     grp_fu_553    |  p0  |   2  |  16  |   32   ||    9    |
|     grp_fu_561    |  p0  |   2  |  16  |   32   ||    9    |
|     grp_fu_568    |  p1  |   2  |  15  |   30   ||    9    |
|-------------------|------|------|------|--------||---------||---------|
|       Total       |      |      |      |   222  ||  24.949 ||   150   |
|-------------------|------|------|------|--------||---------||---------|



* Summary:
+-----------+--------+--------+--------+--------+
|           | DSP48E |  Delay |   FF   |   LUT  |
+-----------+--------+--------+--------+--------+
|  Function |    8   |    -   |    0   |   124  |
|   Memory  |    -   |    -   |    -   |    -   |
|Multiplexer|    -   |   24   |    -   |   150  |
|  Register |    -   |    -   |   531  |    -   |
+-----------+--------+--------+--------+--------+
|   Total   |    8   |   24   |   531  |   274  |
+-----------+--------+--------+--------+--------+
